Archive member included because of file (symbol)

c:/program files (x86)/atmel/atmel toolchain/avr32 gcc/native/3.4.1067/avr32-gnu-toolchain/bin/../lib/gcc/avr32/4.4.7/ucr2\libgcc.a(_avr32_f64_mul.o)
                              src/ijg_example.o (__avr32_f64_mul)
c:/program files (x86)/atmel/atmel toolchain/avr32 gcc/native/3.4.1067/avr32-gnu-toolchain/bin/../lib/gcc/avr32/4.4.7/ucr2\libgcc.a(_avr32_f64_to_s32.o)
                              src/ijg_example.o (__avr32_f64_to_s32)
c:/program files (x86)/atmel/atmel toolchain/avr32 gcc/native/3.4.1067/avr32-gnu-toolchain/bin/../lib/gcc/avr32/4.4.7/ucr2\libgcc.a(_avr32_s32_to_f64.o)
                              src/ijg_example.o (__avr32_u32_to_f64)
c:/program files (x86)/atmel/atmel toolchain/avr32 gcc/native/3.4.1067/avr32-gnu-toolchain/bin/../lib/gcc/avr32/4.4.7/ucr2\libgcc.a(_udivdi3.o)
                              src/ASF/avr32/components/display/et024006dhu/et024006dhu.o (__avr32_udiv64)
c:/program files (x86)/atmel/atmel toolchain/avr32 gcc/native/3.4.1067/avr32-gnu-toolchain/bin/../lib/gcc/avr32/4.4.7/../../../../avr32/lib/ucr2\libc.a(lib_a-ctype_.o)
                              src/ASF/avr32/services/fs/fat/navigation.o (__ctype_ptr)
c:/program files (x86)/atmel/atmel toolchain/avr32 gcc/native/3.4.1067/avr32-gnu-toolchain/bin/../lib/gcc/avr32/4.4.7/../../../../avr32/lib/ucr2\libc.a(lib_a-getenv.o)
                              src/ASF/thirdparty/ijg/jmemmgr.o (getenv)
c:/program files (x86)/atmel/atmel toolchain/avr32 gcc/native/3.4.1067/avr32-gnu-toolchain/bin/../lib/gcc/avr32/4.4.7/../../../../avr32/lib/ucr2\libc.a(lib_a-getenv_r.o)
                              c:/program files (x86)/atmel/atmel toolchain/avr32 gcc/native/3.4.1067/avr32-gnu-toolchain/bin/../lib/gcc/avr32/4.4.7/../../../../avr32/lib/ucr2\libc.a(lib_a-getenv.o) (_findenv_r)
c:/program files (x86)/atmel/atmel toolchain/avr32 gcc/native/3.4.1067/avr32-gnu-toolchain/bin/../lib/gcc/avr32/4.4.7/../../../../avr32/lib/ucr2\libc.a(lib_a-impure.o)
                              c:/program files (x86)/atmel/atmel toolchain/avr32 gcc/native/3.4.1067/avr32-gnu-toolchain/bin/../lib/gcc/avr32/4.4.7/../../../../avr32/lib/ucr2\libc.a(lib_a-getenv.o) (_impure_ptr)
c:/program files (x86)/atmel/atmel toolchain/avr32 gcc/native/3.4.1067/avr32-gnu-toolchain/bin/../lib/gcc/avr32/4.4.7/../../../../avr32/lib/ucr2\libc.a(lib_a-malloc.o)
                              src/ASF/thirdparty/ijg/jmemnobs.o (free)
c:/program files (x86)/atmel/atmel toolchain/avr32 gcc/native/3.4.1067/avr32-gnu-toolchain/bin/../lib/gcc/avr32/4.4.7/../../../../avr32/lib/ucr2\libc.a(lib_a-mallocr.o)
                              c:/program files (x86)/atmel/atmel toolchain/avr32 gcc/native/3.4.1067/avr32-gnu-toolchain/bin/../lib/gcc/avr32/4.4.7/../../../../avr32/lib/ucr2\libc.a(lib_a-malloc.o) (_malloc_r)
c:/program files (x86)/atmel/atmel toolchain/avr32 gcc/native/3.4.1067/avr32-gnu-toolchain/bin/../lib/gcc/avr32/4.4.7/../../../../avr32/lib/ucr2\libc.a(lib_a-memcmp.o)
                              src/ASF/avr32/services/fs/fat/fat_unusual.o (memcmp)
c:/program files (x86)/atmel/atmel toolchain/avr32 gcc/native/3.4.1067/avr32-gnu-toolchain/bin/../lib/gcc/avr32/4.4.7/../../../../avr32/lib/ucr2\libc.a(lib_a-memcpy.o)
                              src/ASF/avr32/services/fs/fat/fat.o (memcpy)
c:/program files (x86)/atmel/atmel toolchain/avr32 gcc/native/3.4.1067/avr32-gnu-toolchain/bin/../lib/gcc/avr32/4.4.7/../../../../avr32/lib/ucr2\libc.a(lib_a-memset.o)
                              src/ASF/avr32/services/fs/fat/fat.o (memset)
c:/program files (x86)/atmel/atmel toolchain/avr32 gcc/native/3.4.1067/avr32-gnu-toolchain/bin/../lib/gcc/avr32/4.4.7/../../../../avr32/lib/ucr2\libc.a(lib_a-mlock.o)
                              c:/program files (x86)/atmel/atmel toolchain/avr32 gcc/native/3.4.1067/avr32-gnu-toolchain/bin/../lib/gcc/avr32/4.4.7/../../../../avr32/lib/ucr2\libc.a(lib_a-mallocr.o) (__malloc_lock)
c:/program files (x86)/atmel/atmel toolchain/avr32 gcc/native/3.4.1067/avr32-gnu-toolchain/bin/../lib/gcc/avr32/4.4.7/../../../../avr32/lib/ucr2\libc.a(lib_a-sbrkr.o)
                              c:/program files (x86)/atmel/atmel toolchain/avr32 gcc/native/3.4.1067/avr32-gnu-toolchain/bin/../lib/gcc/avr32/4.4.7/../../../../avr32/lib/ucr2\libc.a(lib_a-mallocr.o) (_sbrk_r)
c:/program files (x86)/atmel/atmel toolchain/avr32 gcc/native/3.4.1067/avr32-gnu-toolchain/bin/../lib/gcc/avr32/4.4.7/../../../../avr32/lib/ucr2\libc.a(lib_a-setjmp.o)
                              src/jdatasrc.o (setjmp)
c:/program files (x86)/atmel/atmel toolchain/avr32 gcc/native/3.4.1067/avr32-gnu-toolchain/bin/../lib/gcc/avr32/4.4.7/../../../../avr32/lib/ucr2\libc.a(lib_a-sprintf.o)
                              src/ASF/thirdparty/ijg/jerror.o (sprintf)
c:/program files (x86)/atmel/atmel toolchain/avr32 gcc/native/3.4.1067/avr32-gnu-toolchain/bin/../lib/gcc/avr32/4.4.7/../../../../avr32/lib/ucr2\libc.a(lib_a-sscanf.o)
[...]
Memory Configuration

Name             Origin             Length             Attributes
FLASH            0x80000000         0x00080000         axrl !w
INTRAM           0x00000004         0x0000fffc         axw !rl
SDRAM            0xd0000000         0x02000000         axw !rl
USERPAGE         0x80800000         0x00000200
*default*        0x00000000         0xffffffff

Linker script and memory map

                0x00001000                _stack_size = 0x1000
LOAD src/ASF/avr32/components/memory/sd_mmc/sd_mmc_spi/sd_mmc_spi.o
LOAD src/ASF/avr32/drivers/adc/adc.o
LOAD src/ASF/avr32/drivers/spi/spi.o
LOAD src/ASF/avr32/drivers/tc/tc.o
LOAD src/ASF/avr32/services/fs/fat/fat.o
LOAD src/ASF/common/services/storage/ctrl_access/ctrl_access.o
LOAD src/ASF/avr32/services/fs/fat/fat_unusual.o
LOAD src/ASF/avr32/services/fs/fat/file.o
LOAD src/ASF/avr32/services/fs/fat/navigation.o
LOAD src/ASF/avr32/components/memory/sd_mmc/sd_mmc_spi/sd_mmc_spi_mem.o
LOAD src/ASF/thirdparty/ijg/example/crt0.o
LOAD src/ASF/avr32/boards/evk1105/led.o
LOAD src/ASF/avr32/components/display/et024006dhu/et024006dhu.o
LOAD src/ASF/avr32/drivers/ebi/sdramc/sdramc.o
LOAD src/ASF/avr32/drivers/ebi/smc/smc.o
LOAD src/ASF/avr32/drivers/flashc/flashc.o
LOAD src/ASF/avr32/drivers/gpio/gpio.o
LOAD src/ASF/avr32/drivers/intc/exception.o
LOAD src/ASF/avr32/drivers/intc/intc.o
LOAD src/ASF/avr32/drivers/pm/pm.o
LOAD src/ASF/avr32/drivers/pm/pm_conf_clocks.o
LOAD src/ASF/avr32/drivers/pm/power_clocks_lib.o
LOAD src/ASF/avr32/drivers/pwm/pwm.o
LOAD src/ASF/avr32/drivers/usart/usart.o
LOAD src/ASF/avr32/utils/debug/print_funcs.o
LOAD src/ASF/avr32/utils/startup/trampoline_uc3.o
LOAD src/ASF/common/services/clock/uc3a0_a1/sysclk.o
LOAD src/ASF/thirdparty/ijg/jcapistd.o
LOAD src/ASF/thirdparty/ijg/jccoefct.o
LOAD src/ASF/thirdparty/ijg/jccolor.o
LOAD src/ASF/thirdparty/ijg/jcdctmgr.o
LOAD src/ASF/thirdparty/ijg/jchuff.o
LOAD src/ASF/thirdparty/ijg/jcinit.o
LOAD src/ASF/thirdparty/ijg/jcmainct.o
LOAD src/ASF/thirdparty/ijg/jcmarker.o
LOAD src/ASF/thirdparty/ijg/jcmaster.o
LOAD src/ASF/thirdparty/ijg/jcomapi.o
LOAD src/ASF/thirdparty/ijg/jcparam.o
LOAD src/ASF/thirdparty/ijg/jcphuff.o
LOAD src/ASF/thirdparty/ijg/jcprepct.o
LOAD src/ASF/thirdparty/ijg/jcsample.o
LOAD src/ASF/thirdparty/ijg/jctrans.o
LOAD src/ASF/thirdparty/ijg/jdapimin.o
LOAD src/ASF/thirdparty/ijg/jdapistd.o
LOAD src/ASF/thirdparty/ijg/jdcoefct.o
LOAD src/ASF/thirdparty/ijg/jdcolor.o
LOAD src/ASF/thirdparty/ijg/jddctmgr.o
LOAD src/ASF/thirdparty/ijg/jdhuff.o
LOAD src/ASF/thirdparty/ijg/jdinput.o
LOAD src/ASF/thirdparty/ijg/jdmainct.o
LOAD src/ASF/thirdparty/ijg/jdmarker.o
LOAD src/ASF/thirdparty/ijg/jdmaster.o
LOAD src/ASF/thirdparty/ijg/jdmerge.o
LOAD src/ASF/thirdparty/ijg/jdphuff.o
LOAD src/ASF/thirdparty/ijg/jdpostct.o
LOAD src/ASF/thirdparty/ijg/jdsample.o
LOAD src/ASF/thirdparty/ijg/jdtrans.o
LOAD src/ASF/thirdparty/ijg/jerror.o
LOAD src/ASF/thirdparty/ijg/jfdctflt.o
LOAD src/ASF/thirdparty/ijg/jfdctfst.o
LOAD src/ASF/thirdparty/ijg/jfdctint.o
LOAD src/ASF/thirdparty/ijg/jidctflt.o
LOAD src/ASF/thirdparty/ijg/jidctfst.o
LOAD src/ASF/thirdparty/ijg/jidctint.o
LOAD src/ASF/thirdparty/ijg/jidctred.o
LOAD src/ASF/thirdparty/ijg/jmemmgr.o
LOAD src/ASF/thirdparty/ijg/jmemnobs.o
LOAD src/ASF/thirdparty/ijg/jquant1.o
LOAD src/ASF/thirdparty/ijg/jquant2.o
LOAD src/ASF/thirdparty/ijg/jutils.o
LOAD src/ijg_example.o
LOAD src/jdatasrc.o
START GROUP
LOAD c:/program files (x86)/atmel/atmel toolchain/avr32 gcc/native/3.4.1067/avr32-gnu-toolchain/bin/../lib/gcc/avr32/4.4.7/../../../../avr32/lib/ucr2\libm.a
END GROUP
LOAD c:/program files (x86)/atmel/atmel toolchain/avr32 gcc/native/3.4.1067/avr32-gnu-toolchain/bin/../lib/gcc/avr32/4.4.7/ucr2\libgcc.a
LOAD c:/program files (x86)/atmel/atmel toolchain/avr32 gcc/native/3.4.1067/avr32-gnu-toolchain/bin/../lib/gcc/avr32/4.4.7/../../../../avr32/lib/ucr2\libc.a
LOAD c:/program files (x86)/atmel/atmel toolchain/avr32 gcc/native/3.4.1067/avr32-gnu-toolchain/bin/../lib/gcc/avr32/4.4.7/ucr2\libgcc.a
                [0x02000000]                __heap_size__ = DEFINED (__heap_size__)?__heap_size__:0x2000000
                [0x00001000]                __stack_size__ = DEFINED (__stack_size__)?__stack_size__:0x1000
                0x80000000                PROVIDE (__executable_start, 0x80000000)
                0x80000000                . = 0x80000000

.interp
 *(.interp)

.reset          0x80000000     0x2004
 *(.reset)
 .reset         0x80000000     0x2004 src/ASF/avr32/utils/startup/trampoline_uc3.o
                               0x2008 (size before relaxing)
                0x80000000                _trampoline

.hash
 *(.hash)

.dynsym
 *(.dynsym)

.dynstr
 *(.dynstr)

.gnu.version
 *(.gnu.version)

.gnu.version_d
 *(.gnu.version_d)

.gnu.version_r
 *(.gnu.version_r)

.rel.init
 *(.rel.init)

.rela.init
 *(.rela.init)

.rel.text
 *(.rel.text .rel.text.* .rel.gnu.linkonce.t.*)

.rela.text
 *(.rela.text .rela.text.* .rela.gnu.linkonce.t.*)

.rel.fini
 *(.rel.fini)

.rela.fini
 *(.rela.fini)

.rel.rodata
 *(.rel.rodata .rel.rodata.* .rel.gnu.linkonce.r.*)

.rela.rodata
 *(.rela.rodata .rela.rodata.* .rela.gnu.linkonce.r.*)

.rel.data.rel.ro
 *(.rel.data.rel.ro*)

.rela.data.rel.ro
 *(.rel.data.rel.ro*)

.rel.data
 *(.rel.data .rel.data.* .rel.gnu.linkonce.d.*)

.rela.data
 *(.rela.data .rela.data.* .rela.gnu.linkonce.d.*)

.rel.tdata
 *(.rel.tdata .rel.tdata.* .rel.gnu.linkonce.td.*)

.rela.tdata
 *(.rela.tdata .rela.tdata.* .rela.gnu.linkonce.td.*)

.rel.tbss
 *(.rel.tbss .rel.tbss.* .rel.gnu.linkonce.tb.*)

.rela.tbss
 *(.rela.tbss .rela.tbss.* .rela.gnu.linkonce.tb.*)

.rel.ctors
 *(.rel.ctors)

.rela.ctors
 *(.rela.ctors)

.rel.dtors
 *(.rel.dtors)

.rela.dtors
 *(.rela.dtors)

.rel.got
 *(.rel.got)

.rela.got       0x80002004        0x0
 *(.rela.got)
 .rela.got      0x80002004        0x0 src/ASF/common/services/storage/ctrl_access/ctrl_access.o

.rel.bss
 *(.rel.bss .rel.bss.* .rel.gnu.linkonce.b.*)

.rela.bss
 *(.rela.bss .rela.bss.* .rela.gnu.linkonce.b.*)

.rel.plt
 *(.rel.plt)

.rela.plt
 *(.rela.plt)

.init
 *(.init)

.plt
 *(.plt)

.text           0x80002004    0x1b902
 *(.text .stub .text.* .gnu.linkonce.t.*)
 .text.sd_mmc_spi_get_capacity
                0x80002004      0x11c src/ASF/avr32/components/memory/sd_mmc/sd_mmc_spi/sd_mmc_spi.o
                0x80002004                sd_mmc_spi_get_capacity
 .text.sd_mmc_spi_write_close
                0x80002120        0x2 src/ASF/avr32/components/memory/sd_mmc/sd_mmc_spi/sd_mmc_spi.o
                0x80002120                sd_mmc_spi_write_close
 *fill*         0x80002122        0x2 d703d703
 .text.sd_mmc_spi_send_and_read
                0x80002124       0x34 src/ASF/avr32/components/memory/sd_mmc/sd_mmc_spi/sd_mmc_spi.o
                0x80002124                sd_mmc_spi_send_and_read
 .text.sd_mmc_spi_wait_not_busy
                0x80002158       0x58 src/ASF/avr32/components/memory/sd_mmc/sd_mmc_spi/sd_mmc_spi.o
                0x80002158                sd_mmc_spi_wait_not_busy
 .text.sd_mmc_spi_write_open
                0x800021b0       0x18 src/ASF/avr32/components/memory/sd_mmc/sd_mmc_spi/sd_mmc_spi.o
                0x800021b0                sd_mmc_spi_write_open
 .text.sd_mmc_spi_read_close
                0x800021c8        0xc src/ASF/avr32/components/memory/sd_mmc/sd_mmc_spi/sd_mmc_spi.o
                0x800021c8                sd_mmc_spi_read_close
 .text.sd_mmc_spi_read_open
                0x800021d4       0x18 src/ASF/avr32/components/memory/sd_mmc/sd_mmc_spi/sd_mmc_spi.o
                0x800021d4                sd_mmc_spi_read_open
 .text.sd_mmc_spi_command
                0x800021ec       0xc8 src/ASF/avr32/components/memory/sd_mmc/sd_mmc_spi/sd_mmc_spi.o
                0x800021ec                sd_mmc_spi_command
 .text.sd_mmc_spi_send_command
                0x800022b4       0x40 src/ASF/avr32/components/memory/sd_mmc/sd_mmc_spi/sd_mmc_spi.o
                0x800022b4                sd_mmc_spi_send_command
 .text.sd_mmc_spi_check_presence
                0x800022f4       0x7c src/ASF/avr32/components/memory/sd_mmc/sd_mmc_spi/sd_mmc_spi.o
                0x800022f4                sd_mmc_spi_check_presence
 .text.sd_mmc_spi_write_sector_from_ram
                0x80002370      0x14c src/ASF/avr32/components/memory/sd_mmc/sd_mmc_spi/sd_mmc_spi.o
                0x80002370                sd_mmc_spi_write_sector_from_ram
 .text.sd_mmc_spi_check_hc
                0x800024bc       0x8c src/ASF/avr32/components/memory/sd_mmc/sd_mmc_spi/sd_mmc_spi.o
                0x800024bc                sd_mmc_spi_check_hc
 .text.sd_mmc_spi_get_if
                0x80002548       0xb8 src/ASF/avr32/components/memory/sd_mmc/sd_mmc_spi/sd_mmc_spi.o
                0x80002548                sd_mmc_spi_get_if
 .text.sd_mmc_spi_read_sector_to_ram
                0x80002600      0x150 src/ASF/avr32/components/memory/sd_mmc/sd_mmc_spi/sd_mmc_spi.o
                0x80002600                sd_mmc_spi_read_sector_to_ram
 .text.sd_mmc_spi_get_csd
                0x80002750       0xf4 src/ASF/avr32/components/memory/sd_mmc/sd_mmc_spi/sd_mmc_spi.o
                0x80002750                sd_mmc_spi_get_csd
 .text.sd_mmc_spi_internal_init
                0x80002844      0x2a4 src/ASF/avr32/components/memory/sd_mmc/sd_mmc_spi/sd_mmc_spi.o
                0x80002844                sd_mmc_spi_internal_init
 .text.sd_mmc_spi_mem_check
                0x80002ae8       0x28 src/ASF/avr32/components/memory/sd_mmc/sd_mmc_spi/sd_mmc_spi.o
                0x80002ae8                sd_mmc_spi_mem_check
 .text.sd_mmc_spi_init
                0x80002b10       0x34 src/ASF/avr32/components/memory/sd_mmc/sd_mmc_spi/sd_mmc_spi.o
                0x80002b10                sd_mmc_spi_init
 .text.adc_configure
                0x80002b44       0x12 src/ASF/avr32/drivers/adc/adc.o
                0x80002b44                adc_configure
 .text.adc_start
                0x80002b56        0x6 src/ASF/avr32/drivers/adc/adc.o
                0x80002b56                adc_start
 .text.adc_enable
                0x80002b5c        0xa src/ASF/avr32/drivers/adc/adc.o
                0x80002b5c                adc_enable
 .text.adc_get_status
                0x80002b66       0x10 src/ASF/avr32/drivers/adc/adc.o
                0x80002b66                adc_get_status
 *fill*         0x80002b76        0x2 d703d703
 .text.adc_disable
                0x80002b78       0x28 src/ASF/avr32/drivers/adc/adc.o
                0x80002b78                adc_disable
 .text.adc_check_eoc
                0x80002ba0       0x10 src/ASF/avr32/drivers/adc/adc.o
                0x80002ba0                adc_check_eoc
 .text.adc_get_value
                0x80002bb0       0x28 src/ASF/avr32/drivers/adc/adc.o
                0x80002bb0                adc_get_value
 .text.getBaudDiv
                0x80002bd8       0x20 src/ASF/avr32/drivers/spi/spi.o
                0x80002bd8                getBaudDiv
 .text.spi_initMaster
                0x80002bf8       0x38 src/ASF/avr32/drivers/spi/spi.o
                0x80002bf8                spi_initMaster
 .text.spi_selectionMode
                0x80002c30       0x2c src/ASF/avr32/drivers/spi/spi.o
                0x80002c30                spi_selectionMode
 .text.spi_selectChip
                0x80002c5c       0x4c src/ASF/avr32/drivers/spi/spi.o
                0x80002c5c                spi_selectChip
 .text.spi_unselectChip
                0x80002ca8       0x26 src/ASF/avr32/drivers/spi/spi.o
                0x80002ca8                spi_unselectChip
 *fill*         0x80002cce        0x2 d703d703
 .text.spi_setupChipReg
                0x80002cd0       0xb8 src/ASF/avr32/drivers/spi/spi.o
                0x80002cd0                spi_setupChipReg
 .text.spi_enable
                0x80002d88        0x6 src/ASF/avr32/drivers/spi/spi.o
                0x80002d88                spi_enable
 .text.spi_write
                0x80002d8e       0x1c src/ASF/avr32/drivers/spi/spi.o
                0x80002d8e                spi_write
 .text.spi_read
                0x80002daa       0x20 src/ASF/avr32/drivers/spi/spi.o
                0x80002daa                spi_read
 .text.tc_init_waveform
                0x80002dca       0x9c src/ASF/avr32/drivers/tc/tc.o
                0x80002dca                tc_init_waveform
 .text.tc_start
                0x80002e66       0x12 src/ASF/avr32/drivers/tc/tc.o
                0x80002e66                tc_start
 .text.tc_configure_interrupts
                0x80002e78      0x108 src/ASF/avr32/drivers/tc/tc.o
                0x80002e78                tc_configure_interrupts
 .text.fat_check_open
                0x80002f80       0x20 src/ASF/avr32/services/fs/fat/fat.o
                0x80002f80                fat_check_open
 .text.fat_check_select
                0x80002fa0       0x20 src/ASF/avr32/services/fs/fat/fat.o
                0x80002fa0                fat_check_select
 .text.fat_check_is_file
                0x80002fc0       0x1c src/ASF/avr32/services/fs/fat/fat.o
                0x80002fc0                fat_check_is_file
 .text.fat_checkcluster
                0x80002fdc       0x60 src/ASF/avr32/services/fs/fat/fat.o
                0x80002fdc                fat_checkcluster
 .text.fat_cache_clusterlist_reset
                0x8000303c       0x28 src/ASF/avr32/services/fs/fat/fat.o
                0x8000303c                fat_cache_clusterlist_reset
 .text.fat_cache_clusterlist_update_start
                0x80003064       0x48 src/ASF/avr32/services/fs/fat/fat.o
                0x80003064                fat_cache_clusterlist_update_start
 .text.fat_cache_clusterlist_update_select
                0x800030ac       0x68 src/ASF/avr32/services/fs/fat/fat.o
                0x800030ac                fat_cache_clusterlist_update_select
 .text.fat_cache_clusterlist_update_finish
                0x80003114       0x58 src/ASF/avr32/services/fs/fat/fat.o
                0x80003114                fat_cache_clusterlist_update_finish
 .text.fat_cache_clusterlist_update_read
                0x8000316c      0x124 src/ASF/avr32/services/fs/fat/fat.o
                0x8000316c                fat_cache_clusterlist_update_read
 .text.fat_entry_is_dir
                0x80003290       0x18 src/ASF/avr32/services/fs/fat/fat.o
                0x80003290                fat_entry_is_dir
 .text.fat_clear_entry_info_and_ptr
                0x800032a8       0x3c src/ASF/avr32/services/fs/fat/fat.o
                0x800032a8                fat_clear_entry_info_and_ptr
 .text.fat_check_eof_name
                0x800032e4       0x26 src/ASF/avr32/services/fs/fat/fat.o
                0x800032e4                fat_check_eof_name
 *fill*         0x8000330a        0x2 d703d703
 .text.fat_get_ptr_entry
                0x8000330c       0x18 src/ASF/avr32/services/fs/fat/fat.o
                0x8000330c                fat_get_ptr_entry
 .text.fat_entry_longname
                0x80003324      0x194 src/ASF/avr32/services/fs/fat/fat.o
                0x80003324                fat_entry_longname
 .text.fat_entry_shortname
                0x800034b8      0x108 src/ASF/avr32/services/fs/fat/fat.o
                0x800034b8                fat_entry_shortname
 .text.fat_get_entry_info
                0x800035c0       0x48 src/ASF/avr32/services/fs/fat/fat.o
                0x800035c0                fat_get_entry_info
 .text.fat_entry_check
                0x80003608       0x5c src/ASF/avr32/services/fs/fat/fat.o
                0x80003608                fat_entry_check
 .text.fat_cache_reset
                0x80003664       0x18 src/ASF/avr32/services/fs/fat/fat.o
                0x80003664                fat_cache_reset
 .text.fat_cache_mark_sector_as_dirty
                0x8000367c       0x10 src/ASF/avr32/services/fs/fat/fat.o
                0x8000367c                fat_cache_mark_sector_as_dirty
 .text.fat_write_entry_file
                0x8000368c       0x50 src/ASF/avr32/services/fs/fat/fat.o
                0x8000368c                fat_write_entry_file
 .text.fat_check_nav_access_file
                0x800036dc       0x78 src/ASF/avr32/services/fs/fat/fat.o
                0x800036dc                fat_check_nav_access_file
 .text.fat_invert_nav
                0x80003754       0xdc src/ASF/avr32/services/fs/fat/fat.o
                0x80003754                fat_invert_nav
 .text.fat_cache_flush
                0x80003830       0x54 src/ASF/avr32/services/fs/fat/fat.o
                0x80003830                fat_cache_flush
 .text.fat_cache_clear
                0x80003884       0x18 src/ASF/avr32/services/fs/fat/fat.o
                0x80003884                fat_cache_clear
 .text.fat_cache_read_sector
                0x8000389c       0x80 src/ASF/avr32/services/fs/fat/fat.o
                0x8000389c                fat_cache_read_sector
 .text.fat_cluster_readnext
                0x8000391c       0x94 src/ASF/avr32/services/fs/fat/fat.o
                0x8000391c                fat_cluster_readnext
 .text.fat_cluster_val
                0x800039b0      0x244 src/ASF/avr32/services/fs/fat/fat.o
                0x800039b0                fat_cluster_val
 .text.fat_cluster_list
                0x80003bf4      0x2d8 src/ASF/avr32/services/fs/fat/fat.o
                0x80003bf4                fat_cluster_list
 .text.fat_read_dir
                0x80003ecc       0x84 src/ASF/avr32/services/fs/fat/fat.o
                0x80003ecc                fat_read_dir
 .text.fat_read_file
                0x80003f50       0xdc src/ASF/avr32/services/fs/fat/fat.o
                0x80003f50                fat_read_file
 .text.fat_write_file
                0x8000402c      0x108 src/ASF/avr32/services/fs/fat/fat.o
                0x8000402c                fat_write_file
 .text.fat_check_device
                0x80004134       0xb8 src/ASF/avr32/services/fs/fat/fat.o
                0x80004134                fat_check_device
 .text.fat_check_noopen
                0x800041ec       0x3c src/ASF/avr32/services/fs/fat/fat.o
                0x800041ec                fat_check_noopen
 .text.fat_check_mount
                0x80004228       0x38 src/ASF/avr32/services/fs/fat/fat.o
                0x80004228                fat_check_mount
 .text.fat_check_mount_select
                0x80004260       0x18 src/ASF/avr32/services/fs/fat/fat.o
                0x80004260                fat_check_mount_select
 .text.fat_check_mount_select_open
                0x80004278       0x24 src/ASF/avr32/services/fs/fat/fat.o
                0x80004278                fat_check_mount_select_open
 .text.fat_check_mount_select_noopen
                0x8000429c       0x24 src/ASF/avr32/services/fs/fat/fat.o
                0x8000429c                fat_check_mount_select_noopen
 .text.fat_check_mount_noopen
                0x800042c0       0x18 src/ASF/avr32/services/fs/fat/fat.o
                0x800042c0                fat_check_mount_noopen
 .text.get_nb_lun
                0x800042d8        0x2 src/ASF/common/services/storage/ctrl_access/ctrl_access.o
                0x800042d8                get_nb_lun
 *fill*         0x800042da        0x2 d703d703
 .text.mem_test_unit_ready
                0x800042dc       0x14 src/ASF/common/services/storage/ctrl_access/ctrl_access.o
                0x800042dc                mem_test_unit_ready
 .text.mem_sector_size
                0x800042f0        0x6 src/ASF/common/services/storage/ctrl_access/ctrl_access.o
                0x800042f0                mem_sector_size
 *fill*         0x800042f6        0x2 d703d703
 .text.mem_wr_protect
                0x800042f8       0x14 src/ASF/common/services/storage/ctrl_access/ctrl_access.o
                0x800042f8                mem_wr_protect
 .text.ram_2_memory
                0x8000430c       0x3c src/ASF/common/services/storage/ctrl_access/ctrl_access.o
                0x8000430c                ram_2_memory
 .text.memory_2_ram
                0x80004348       0x3c src/ASF/common/services/storage/ctrl_access/ctrl_access.o
                0x80004348                memory_2_ram
 .text.fat_translate_char_shortname
                0x80004384       0x4c src/ASF/avr32/services/fs/fat/fat_unusual.o
                0x80004384                fat_translate_char_shortname
 .text.fat_clear_info_fat_mod
                0x800043d0       0x18 src/ASF/avr32/services/fs/fat/fat_unusual.o
                0x800043d0                fat_clear_info_fat_mod
 .text.fat_clear_cluster
                0x800043e8       0x74 src/ASF/avr32/services/fs/fat/fat_unusual.o
                0x800043e8                fat_clear_cluster
 .text.fat_update_fat2
                0x8000445c       0x74 src/ASF/avr32/services/fs/fat/fat_unusual.o
                0x8000445c                fat_update_fat2
 .text.fat_initialize_dir
                0x800044d0       0x98 src/ASF/avr32/services/fs/fat/fat_unusual.o
                0x800044d0                fat_initialize_dir
 .text.fat_create_long_name_entry
                0x80004568       0xd0 src/ASF/avr32/services/fs/fat/fat_unusual.o
                0x80004568                fat_create_long_name_entry
 .text.fat_delete_file
                0x80004638       0x74 src/ASF/avr32/services/fs/fat/fat_unusual.o
                0x80004638                fat_delete_file
 .text.fat_garbage_collector_entry
                0x800046ac       0xc8 src/ASF/avr32/services/fs/fat/fat_unusual.o
                0x800046ac                fat_garbage_collector_entry
 .text.fat_write_fat32_FSInfo
                0x80004774       0xa0 src/ASF/avr32/services/fs/fat/fat_unusual.o
                0x80004774                fat_write_fat32_FSInfo
 .text.fat_allocfreespace
                0x80004814      0x140 src/ASF/avr32/services/fs/fat/fat_unusual.o
                0x80004814                fat_allocfreespace
 .text.fat_alloc_entry_free
                0x80004954       0xb0 src/ASF/avr32/services/fs/fat/fat_unusual.o
                0x80004954                fat_alloc_entry_free
 .text.fat_check_name
                0x80004a04       0x74 src/ASF/avr32/services/fs/fat/fat_unusual.o
                0x80004a04                fat_check_name
 .text.fat_create_short_entry_name
                0x80004a78      0x1bc src/ASF/avr32/services/fs/fat/fat_unusual.o
                0x80004a78                fat_create_short_entry_name
 .text.fat_entry_shortname_compare
                0x80004c34       0x58 src/ASF/avr32/services/fs/fat/fat_unusual.o
                0x80004c34                fat_entry_shortname_compare
 .text.fat_find_short_entry_name
                0x80004c8c       0x78 src/ASF/avr32/services/fs/fat/fat_unusual.o
                0x80004c8c                fat_find_short_entry_name
 .text.fat_create_entry_file_name
                0x80004d04       0xa8 src/ASF/avr32/services/fs/fat/fat_unusual.o
                0x80004d04                fat_create_entry_file_name
 .text.fat_mount
                0x80004dac      0x2fc src/ASF/avr32/services/fs/fat/fat_unusual.o
                0x80004dac                fat_mount
 .text.file_eof
                0x800050a8       0x24 src/ASF/avr32/services/fs/fat/file.o
                0x800050a8                file_eof
 .text.file_close
                0x800050cc       0x3c src/ASF/avr32/services/fs/fat/file.o
                0x800050cc                file_close
 .text.file_putc
                0x80005108       0x70 src/ASF/avr32/services/fs/fat/file.o
                0x80005108                file_putc
 .text.file_getc
                0x80005178       0x6c src/ASF/avr32/services/fs/fat/file.o
                0x80005178                file_getc
 .text.file_open
                0x800051e4       0xa0 src/ASF/avr32/services/fs/fat/file.o
                0x800051e4                file_open
 .text.nav_drive_get
                0x80005284        0xc src/ASF/avr32/services/fs/fat/navigation.o
                0x80005284                nav_drive_get
 .text.nav_drive_getname
                0x80005290       0x1c src/ASF/avr32/services/fs/fat/navigation.o
                0x80005290                nav_drive_getname
 .text.nav_getindex
                0x800052ac       0x20 src/ASF/avr32/services/fs/fat/navigation.o
                0x800052ac                nav_getindex
 .text.nav_file_lgt
                0x800052cc        0xc src/ASF/avr32/services/fs/fat/navigation.o
                0x800052cc                nav_file_lgt
 .text.nav_file_name
                0x800052d8       0xe4 src/ASF/avr32/services/fs/fat/navigation.o
                0x800052d8                nav_file_name
 .text.nav_filelist_set
                0x800053bc      0x168 src/ASF/avr32/services/fs/fat/navigation.o
                0x800053bc                nav_filelist_set
 .text.nav_filelist_findname
                0x80005524       0x30 src/ASF/avr32/services/fs/fat/navigation.o
                0x80005524                nav_filelist_findname
 .text.nav_filelist_reset
                0x80005554       0x18 src/ASF/avr32/services/fs/fat/navigation.o
                0x80005554                nav_filelist_reset
 .text.nav_file_create
                0x8000556c       0x6c src/ASF/avr32/services/fs/fat/navigation.o
                0x8000556c                nav_file_create
 .text.nav_dir_gotoparent
                0x800055d8       0xa0 src/ASF/avr32/services/fs/fat/navigation.o
                0x800055d8                nav_dir_gotoparent
 .text.nav_dir_name
                0x80005678      0x104 src/ASF/avr32/services/fs/fat/navigation.o
                0x80005678                nav_dir_name
 .text.nav_dir_cd
                0x8000577c       0x40 src/ASF/avr32/services/fs/fat/navigation.o
                0x8000577c                nav_dir_cd
 .text.nav_filelist_first
                0x800057bc       0x40 src/ASF/avr32/services/fs/fat/navigation.o
                0x800057bc                nav_filelist_first
 .text.nav_filelist_nb
                0x800057fc       0x70 src/ASF/avr32/services/fs/fat/navigation.o
                0x800057fc                nav_filelist_nb
 .text.nav_filelist_last
                0x8000586c       0x50 src/ASF/avr32/services/fs/fat/navigation.o
                0x8000586c                nav_filelist_last
 .text.nav_dir_make
                0x800058bc       0x90 src/ASF/avr32/services/fs/fat/navigation.o
                0x800058bc                nav_dir_make
 .text.nav_partition_mount
                0x8000594c       0x3c src/ASF/avr32/services/fs/fat/navigation.o
                0x8000594c                nav_partition_mount
 .text.nav_dir_root
                0x80005988        0xc src/ASF/avr32/services/fs/fat/navigation.o
                0x80005988                nav_dir_root
 .text.nav_drive_set
                0x80005994       0x54 src/ASF/avr32/services/fs/fat/navigation.o
                0x80005994                nav_drive_set
 .text.nav_gotoindex
                0x800059e8       0x5c src/ASF/avr32/services/fs/fat/navigation.o
                0x800059e8                nav_gotoindex
 .text.nav_setcwd
                0x80005a44      0x1c4 src/ASF/avr32/services/fs/fat/navigation.o
                0x80005a44                nav_setcwd
 .text.nav_drive_nb
                0x80005c08        0xc src/ASF/avr32/services/fs/fat/navigation.o
                0x80005c08                nav_drive_nb
 .text.nav_select
                0x80005c14       0x48 src/ASF/avr32/services/fs/fat/navigation.o
                0x80005c14                nav_select
 .text.nav_reset
                0x80005c5c       0x6c src/ASF/avr32/services/fs/fat/navigation.o
                0x80005c5c                nav_reset
 .text.sd_mmc_spi_wr_protect
                0x80005cc8        0x2 src/ASF/avr32/components/memory/sd_mmc/sd_mmc_spi/sd_mmc_spi_mem.o
                0x80005cc8                sd_mmc_spi_wr_protect
 .text.sd_mmc_spi_removal
                0x80005cca        0x2 src/ASF/avr32/components/memory/sd_mmc/sd_mmc_spi/sd_mmc_spi_mem.o
                0x80005cca                sd_mmc_spi_removal
 .text.sd_mmc_spi_test_unit_ready
                0x80005ccc       0x6c src/ASF/avr32/components/memory/sd_mmc/sd_mmc_spi/sd_mmc_spi_mem.o
                0x80005ccc                sd_mmc_spi_test_unit_ready
 .text.sd_mmc_spi_mem_init
                0x80005d38        0xc src/ASF/avr32/components/memory/sd_mmc/sd_mmc_spi/sd_mmc_spi_mem.o
                0x80005d38                sd_mmc_spi_mem_init
 .text.sd_mmc_spi_ram_2_mem
                0x80005d44       0x68 src/ASF/avr32/components/memory/sd_mmc/sd_mmc_spi/sd_mmc_spi_mem.o
                0x80005d44                sd_mmc_spi_ram_2_mem
 .text.sd_mmc_spi_mem_2_ram
                0x80005dac       0x68 src/ASF/avr32/components/memory/sd_mmc/sd_mmc_spi/sd_mmc_spi_mem.o
                0x80005dac                sd_mmc_spi_mem_2_ram
 .text.sd_mmc_spi_read_capacity
                0x80005e14       0x40 src/ASF/avr32/components/memory/sd_mmc/sd_mmc_spi/sd_mmc_spi_mem.o
                0x80005e14                sd_mmc_spi_read_capacity
 .text._stext   0x80005e54       0x80 src/ASF/thirdparty/ijg/example/crt0.o
                                 0x90 (size before relaxing)
                0x80005e54                _stext
 .text.LED_On   0x80005ed4       0x50 src/ASF/avr32/boards/evk1105/led.o
                0x80005ed4                LED_On
 .text.LED_Off  0x80005f24       0x54 src/ASF/avr32/boards/evk1105/led.o
                0x80005f24                LED_Off
 .text.et024006_SetLimits
                0x80005f78       0x50 src/ASF/avr32/components/display/et024006dhu/et024006dhu.o
                0x80005f78                et024006_SetLimits
 .text.et024006_SetQuickLimits
                0x80005fc8       0x2a src/ASF/avr32/components/display/et024006dhu/et024006dhu.o
                0x80005fc8                et024006_SetQuickLimits
 *fill*         0x80005ff2        0x2 d703d703
 .text.et024006_DrawQuickPixel
                0x80005ff4       0x24 src/ASF/avr32/components/display/et024006dhu/et024006dhu.o
                0x80005ff4                et024006_DrawQuickPixel
 .text.et024006_PrintString
                0x80006018      0x23c src/ASF/avr32/components/display/et024006dhu/et024006dhu.o
                0x80006018                et024006_PrintString
 .text.et024006_DuplicatePixel
                0x80006254       0x40 src/ASF/avr32/components/display/et024006dhu/et024006dhu.o
                0x80006254                et024006_DuplicatePixel
 .text.et024006_DrawFilledRect
                0x80006294       0x40 src/ASF/avr32/components/display/et024006dhu/et024006dhu.o
                0x80006294                et024006_DrawFilledRect
 .text.et024006_CopyPixelsToScreen
                0x800062d4       0x68 src/ASF/avr32/components/display/et024006dhu/et024006dhu.o
                0x800062d4                et024006_CopyPixelsToScreen
 .text.et024006_PutPixmap
                0x8000633c       0xa8 src/ASF/avr32/components/display/et024006dhu/et024006dhu.o
                0x8000633c                et024006_PutPixmap
 .text.et024006_AdjustGamma
                0x800063e4       0x6e src/ASF/avr32/components/display/et024006dhu/et024006dhu.o
 *fill*         0x80006452        0x2 d703d703
 .text.et024006_Init
                0x80006454      0x4a4 src/ASF/avr32/components/display/et024006dhu/et024006dhu.o
                0x80006454                et024006_Init
 .text.sdramc_ck_delay
                0x800068f8       0x22 src/ASF/avr32/drivers/ebi/sdramc/sdramc.o
 *fill*         0x8000691a        0x2 d703d703
 .text.sdramc_init
                0x8000691c      0x16c src/ASF/avr32/drivers/ebi/sdramc/sdramc.o
                0x8000691c                sdramc_init
 .text.smc_init
                0x80006a88      0x11c src/ASF/avr32/drivers/ebi/smc/smc.o
                0x80006a88                smc_init
 .text.flashc_set_wait_state
                0x80006ba4        0xe src/ASF/avr32/drivers/flashc/flashc.o
                0x80006ba4                flashc_set_wait_state
 .text.gpio_enable_module_pin
                0x80006bb2       0x52 src/ASF/avr32/drivers/gpio/gpio.o
                0x80006bb2                gpio_enable_module_pin
 .text.gpio_enable_module
                0x80006c04       0x30 src/ASF/avr32/drivers/gpio/gpio.o
                0x80006c04                gpio_enable_module
 .text.gpio_enable_gpio_pin
                0x80006c34       0x18 src/ASF/avr32/drivers/gpio/gpio.o
                0x80006c34                gpio_enable_gpio_pin
 .text.gpio_get_pin_value
                0x80006c4c       0x16 src/ASF/avr32/drivers/gpio/gpio.o
                0x80006c4c                gpio_get_pin_value
 .text.gpio_set_gpio_pin
                0x80006c62       0x1c src/ASF/avr32/drivers/gpio/gpio.o
                0x80006c62                gpio_set_gpio_pin
 .text.gpio_clr_gpio_pin
                0x80006c7e       0x1c src/ASF/avr32/drivers/gpio/gpio.o
                0x80006c7e                gpio_clr_gpio_pin
 .text.gpio_tgl_gpio_pin
                0x80006c9a       0x1c src/ASF/avr32/drivers/gpio/gpio.o
                0x80006c9a                gpio_tgl_gpio_pin
 .text.gpio_enable_pin_interrupt
                0x80006cb6       0x46 src/ASF/avr32/drivers/gpio/gpio.o
                0x80006cb6                gpio_enable_pin_interrupt
 .text.gpio_get_pin_interrupt_flag
                0x80006cfc       0x18 src/ASF/avr32/drivers/gpio/gpio.o
                0x80006cfc                gpio_get_pin_interrupt_flag
 .text.gpio_clear_pin_interrupt_flag
                0x80006d14       0x16 src/ASF/avr32/drivers/gpio/gpio.o
                0x80006d14                gpio_clear_pin_interrupt_flag
 .text._unhandled_interrupt
                0x80006d2a        0x2 src/ASF/avr32/drivers/intc/intc.o
 .text.INTC_register_interrupt
                0x80006d2c       0x80 src/ASF/avr32/drivers/intc/intc.o
                0x80006d2c                INTC_register_interrupt
 .text.INTC_init_interrupts
                0x80006dac       0x54 src/ASF/avr32/drivers/intc/intc.o
                0x80006dac                INTC_init_interrupts
 .text._get_interrupt_handler
                0x80006e00       0x38 src/ASF/avr32/drivers/intc/intc.o
                0x80006e00                _get_interrupt_handler
 .text.pm_set_osc0_mode
                0x80006e38        0xa src/ASF/avr32/drivers/pm/pm.o
 *fill*         0x80006e42        0x2 d703d703
 .text.pm_enable_osc0_crystal
                0x80006e44       0x3c src/ASF/avr32/drivers/pm/pm.o
                0x80006e44                pm_enable_osc0_crystal
 .text.pm_enable_clk0_no_wait
                0x80006e80       0x10 src/ASF/avr32/drivers/pm/pm.o
                0x80006e80                pm_enable_clk0_no_wait
 .text.pm_wait_for_clk0_ready
                0x80006e90        0xa src/ASF/avr32/drivers/pm/pm.o
                0x80006e90                pm_wait_for_clk0_ready
 *fill*         0x80006e9a        0x2 d703d703
 .text.pm_enable_clk0
                0x80006e9c       0x1c src/ASF/avr32/drivers/pm/pm.o
                0x80006e9c                pm_enable_clk0
 .text.pm_cksel
                0x80006eb8       0x46 src/ASF/avr32/drivers/pm/pm.o
                0x80006eb8                pm_cksel
 .text.pm_pll_setup
                0x80006efe       0x22 src/ASF/avr32/drivers/pm/pm.o
                0x80006efe                pm_pll_setup
 .text.pm_pll_set_option
                0x80006f20       0x1a src/ASF/avr32/drivers/pm/pm.o
                0x80006f20                pm_pll_set_option
 .text.pm_pll_enable
                0x80006f3a        0xe src/ASF/avr32/drivers/pm/pm.o
                0x80006f3a                pm_pll_enable
 .text.pm_wait_for_pll0_locked
                0x80006f48        0xa src/ASF/avr32/drivers/pm/pm.o
                0x80006f48                pm_wait_for_pll0_locked
 .text.pm_switch_to_clock
                0x80006f52        0xa src/ASF/avr32/drivers/pm/pm.o
                0x80006f52                pm_switch_to_clock
 .text.pm_switch_to_osc0
                0x80006f5c       0x2c src/ASF/avr32/drivers/pm/pm.o
                0x80006f5c                pm_switch_to_osc0
 .text.pm_configure_clocks
                0x80006f88      0x1d4 src/ASF/avr32/drivers/pm/pm_conf_clocks.o
                0x80006f88                pm_configure_clocks
 .text.pcl_configure_clocks
                0x8000715c        0xc src/ASF/avr32/drivers/pm/power_clocks_lib.o
                0x8000715c                pcl_configure_clocks
 .text.pwm_channel_init
                0x80007168       0x36 src/ASF/avr32/drivers/pwm/pwm.o
                0x80007168                pwm_channel_init
 .text.pwm_start_channels
                0x8000719e       0x12 src/ASF/avr32/drivers/pwm/pwm.o
                0x8000719e                pwm_start_channels
 .text.pwm_async_update_channel
                0x800071b0       0x28 src/ASF/avr32/drivers/pwm/pwm.o
                0x800071b0                pwm_async_update_channel
 .text.pwm_init
                0x800071d8       0x46 src/ASF/avr32/drivers/pwm/pwm.o
                0x800071d8                pwm_init
 .text.usart_set_async_baudrate
                0x8000721e       0x5a src/ASF/avr32/drivers/usart/usart.o
 .text.usart_write_char
                0x80007278       0x14 src/ASF/avr32/drivers/usart/usart.o
                0x80007278                usart_write_char
 .text.usart_putchar
                0x8000728c       0x2c src/ASF/avr32/drivers/usart/usart.o
                0x8000728c                usart_putchar
 .text.usart_write_line
                0x800072b8       0x24 src/ASF/avr32/drivers/usart/usart.o
                0x800072b8                usart_write_line
 .text.usart_reset
                0x800072dc       0x2c src/ASF/avr32/drivers/usart/usart.o
                0x800072dc                usart_reset
 .text.usart_init_rs232
                0x80007308       0xcc src/ASF/avr32/drivers/usart/usart.o
                0x80007308                usart_init_rs232
 .text.print    0x800073d4        0xc src/ASF/avr32/utils/debug/print_funcs.o
                0x800073d4                print
 .text.print_dbg
                0x800073e0       0x14 src/ASF/avr32/utils/debug/print_funcs.o
                0x800073e0                print_dbg
 .text.init_dbg_rs232_ex
                0x800073f4       0x40 src/ASF/avr32/utils/debug/print_funcs.o
                0x800073f4                init_dbg_rs232_ex
 .text.init_dbg_rs232
                0x80007434       0x14 src/ASF/avr32/utils/debug/print_funcs.o
                0x80007434                init_dbg_rs232
 .text.jpeg_abort
                0x80007448       0x36 src/ASF/thirdparty/ijg/jcomapi.o
                0x80007448                jpeg_abort
 .text.jpeg_destroy
                0x8000747e       0x1a src/ASF/thirdparty/ijg/jcomapi.o
                0x8000747e                jpeg_destroy
 .text.jpeg_alloc_quant_table
                0x80007498       0x16 src/ASF/thirdparty/ijg/jcomapi.o
                0x80007498                jpeg_alloc_quant_table
 .text.jpeg_alloc_huff_table
                0x800074ae       0x16 src/ASF/thirdparty/ijg/jcomapi.o
                0x800074ae                jpeg_alloc_huff_table
 .text.jpeg_consume_input
                0x800074c4      0x208 src/ASF/thirdparty/ijg/jdapimin.o
                0x800074c4                jpeg_consume_input
 .text.jpeg_finish_decompress
                0x800076cc       0x94 src/ASF/thirdparty/ijg/jdapimin.o
                0x800076cc                jpeg_finish_decompress
 .text.jpeg_read_header
                0x80007760       0x58 src/ASF/thirdparty/ijg/jdapimin.o
                0x80007760                jpeg_read_header
 .text.jpeg_abort_decompress
                0x800077b8        0xc src/ASF/thirdparty/ijg/jdapimin.o
                0x800077b8                jpeg_abort_decompress
 .text.jpeg_destroy_decompress
                0x800077c4        0xc src/ASF/thirdparty/ijg/jdapimin.o
                0x800077c4                jpeg_destroy_decompress
 .text.jpeg_CreateDecompress
                0x800077d0       0xbc src/ASF/thirdparty/ijg/jdapimin.o
                0x800077d0                jpeg_CreateDecompress
 .text.output_pass_setup
                0x8000788c       0xaa src/ASF/thirdparty/ijg/jdapistd.o
 .text.jpeg_read_scanlines
                0x80007936       0x84 src/ASF/thirdparty/ijg/jdapistd.o
                0x80007936                jpeg_read_scanlines
 *fill*         0x800079ba        0x2 d703d703
 .text.jpeg_start_decompress
                0x800079bc       0xc0 src/ASF/thirdparty/ijg/jdapistd.o
                0x800079bc                jpeg_start_decompress
 .text.start_iMCU_row
                0x80007a7c       0x40 src/ASF/thirdparty/ijg/jdcoefct.o
 .text.start_input_pass
                0x80007abc       0x14 src/ASF/thirdparty/ijg/jdcoefct.o
 .text.dummy_consume_data
                0x80007ad0        0x2 src/ASF/thirdparty/ijg/jdcoefct.o
 *fill*         0x80007ad2        0x2 d703d703
 .text.consume_data
                0x80007ad4      0x160 src/ASF/thirdparty/ijg/jdcoefct.o
 .text.decompress_data
                0x80007c34      0x142 src/ASF/thirdparty/ijg/jdcoefct.o
 *fill*         0x80007d76        0x2 d703d703
 .text.start_output_pass
                0x80007d78      0x140 src/ASF/thirdparty/ijg/jdcoefct.o
 .text.jinit_d_coef_controller
                0x80007eb8       0xe0 src/ASF/thirdparty/ijg/jdcoefct.o
                0x80007eb8                jinit_d_coef_controller
 .text.decompress_onepass
                0x80007f98      0x1c4 src/ASF/thirdparty/ijg/jdcoefct.o
 .text.decompress_smooth_data
                0x8000815c      0x500 src/ASF/thirdparty/ijg/jdcoefct.o
 .text.build_ycc_rgb_table
                0x8000865c       0xa6 src/ASF/thirdparty/ijg/jdcolor.o
 .text.ycc_rgb_convert
                0x80008702       0xae src/ASF/thirdparty/ijg/jdcolor.o
 .text.ycc_rgb565_convert
                0x800087b0       0xbc src/ASF/thirdparty/ijg/jdcolor.o
 .text.null_convert
                0x8000886c       0x5a src/ASF/thirdparty/ijg/jdcolor.o
 .text.gray_rgb_convert
                0x800088c6       0x36 src/ASF/thirdparty/ijg/jdcolor.o
 .text.ycck_cmyk_convert
                0x800088fc       0xc4 src/ASF/thirdparty/ijg/jdcolor.o
 .text.start_pass_dcolor
                0x800089c0        0x2 src/ASF/thirdparty/ijg/jdcolor.o
 *fill*         0x800089c2        0x2 d703d703
 .text.jinit_color_deconverter
                0x800089c4      0x1f0 src/ASF/thirdparty/ijg/jdcolor.o
                0x800089c4                jinit_color_deconverter
 .text.grayscale_convert
                0x80008bb4       0x24 src/ASF/thirdparty/ijg/jdcolor.o
 .text.start_pass
                0x80008bd8      0x114 src/ASF/thirdparty/ijg/jddctmgr.o
 .text.jinit_inverse_dct
                0x80008cec       0x64 src/ASF/thirdparty/ijg/jddctmgr.o
                0x80008cec                jinit_inverse_dct
 .text.jpeg_fill_bit_buffer
                0x80008d50       0xae src/ASF/thirdparty/ijg/jdhuff.o
                0x80008d50                jpeg_fill_bit_buffer
 *fill*         0x80008dfe        0x2 d703d703
 .text.jpeg_huff_decode
                0x80008e00       0xac src/ASF/thirdparty/ijg/jdhuff.o
                0x80008e00                jpeg_huff_decode
 .text.decode_mcu
                0x80008eac      0x368 src/ASF/thirdparty/ijg/jdhuff.o
 .text.jinit_huff_decoder
                0x80009214       0x40 src/ASF/thirdparty/ijg/jdhuff.o
                0x80009214                jinit_huff_decoder
 .text.jpeg_make_d_derived_tbl
                0x80009254      0x238 src/ASF/thirdparty/ijg/jdhuff.o
                0x80009254                jpeg_make_d_derived_tbl
 .text.start_pass_huff_decoder
                0x8000948c       0xfc src/ASF/thirdparty/ijg/jdhuff.o
 .text.finish_input_pass
                0x80009588       0x10 src/ASF/thirdparty/ijg/jdinput.o
 .text.reset_input_controller
                0x80009598       0x34 src/ASF/thirdparty/ijg/jdinput.o
 .text.jinit_input_controller
                0x800095cc       0x44 src/ASF/thirdparty/ijg/jdinput.o
                0x800095cc                jinit_input_controller
 .text.start_input_pass
                0x80009610      0x1c4 src/ASF/thirdparty/ijg/jdinput.o
 .text.consume_markers
                0x800097d4      0x208 src/ASF/thirdparty/ijg/jdinput.o
 .text.start_pass_main
                0x800099dc      0x12c src/ASF/thirdparty/ijg/jdmainct.o
 .text.process_data_simple_main
                0x80009b08       0x5c src/ASF/thirdparty/ijg/jdmainct.o
 .text.process_data_context_main
                0x80009b64      0x20e src/ASF/thirdparty/ijg/jdmainct.o
 .text.process_data_crank_post
                0x80009d72       0x1e src/ASF/thirdparty/ijg/jdmainct.o
 .text.jinit_d_main_controller
                0x80009d90      0x12c src/ASF/thirdparty/ijg/jdmainct.o
                0x80009d90                jinit_d_main_controller
 .text.get_sof  0x80009ebc      0x23e src/ASF/thirdparty/ijg/jdmarker.o
 .text.examine_app0
                0x8000a0fa      0x20a src/ASF/thirdparty/ijg/jdmarker.o
 .text.examine_app14
                0x8000a304       0xaa src/ASF/thirdparty/ijg/jdmarker.o
 *fill*         0x8000a3ae        0x2 d703d703
 .text.get_interesting_appn
                0x8000a3b0       0xf0 src/ASF/thirdparty/ijg/jdmarker.o
 .text.skip_variable
                0x8000a4a0       0x76 src/ASF/thirdparty/ijg/jdmarker.o
 .text.next_marker
                0x8000a516       0xbe src/ASF/thirdparty/ijg/jdmarker.o
 .text.read_restart_marker
                0x8000a5d4       0x6c src/ASF/thirdparty/ijg/jdmarker.o
 .text.jpeg_resync_to_restart
                0x8000a640       0xec src/ASF/thirdparty/ijg/jdmarker.o
                0x8000a640                jpeg_resync_to_restart
 .text.reset_marker_reader
                0x8000a72c       0x1e src/ASF/thirdparty/ijg/jdmarker.o
 *fill*         0x8000a74a        0x2 d703d703
 .text.jinit_marker_reader
                0x8000a74c       0x68 src/ASF/thirdparty/ijg/jdmarker.o
                0x8000a74c                jinit_marker_reader
 .text.get_dht  0x8000a7b4      0x240 src/ASF/thirdparty/ijg/jdmarker.o
 .text.read_markers
                0x8000a9f4      0x754 src/ASF/thirdparty/ijg/jdmarker.o
 .text.use_merged_upsample
                0x8000b148       0x72 src/ASF/thirdparty/ijg/jdmaster.o
 .text.prepare_for_output_pass
                0x8000b1ba      0x126 src/ASF/thirdparty/ijg/jdmaster.o
 .text.finish_output_pass
                0x8000b2e0       0x20 src/ASF/thirdparty/ijg/jdmaster.o
 .text.jpeg_calc_output_dimensions
                0x8000b300      0x1d8 src/ASF/thirdparty/ijg/jdmaster.o
                0x8000b300                jpeg_calc_output_dimensions
 .text.jinit_master_decompress
                0x8000b4d8      0x274 src/ASF/thirdparty/ijg/jdmaster.o
                0x8000b4d8                jinit_master_decompress
 .text.start_pass_merged_upsample
                0x8000b74c        0xe src/ASF/thirdparty/ijg/jdmerge.o
 .text.merged_1v_upsample
                0x8000b75a       0x28 src/ASF/thirdparty/ijg/jdmerge.o
 .text.h2v1_merged_upsample
                0x8000b782      0x110 src/ASF/thirdparty/ijg/jdmerge.o
 .text.h2v2_merged_upsample
                0x8000b892      0x186 src/ASF/thirdparty/ijg/jdmerge.o
 .text.jinit_merged_upsampler
                0x8000ba18      0x108 src/ASF/thirdparty/ijg/jdmerge.o
                0x8000ba18                jinit_merged_upsampler
 .text.merged_2v_upsample
                0x8000bb20       0xa0 src/ASF/thirdparty/ijg/jdmerge.o
 .text.process_restart
                0x8000bbc0       0x6e src/ASF/thirdparty/ijg/jdphuff.o
 *fill*         0x8000bc2e        0x2 d703d703
 .text.jinit_phuff_decoder
                0x8000bc30       0x68 src/ASF/thirdparty/ijg/jdphuff.o
                0x8000bc30                jinit_phuff_decoder
 .text.start_pass_phuff_decoder
                0x8000bc98      0x200 src/ASF/thirdparty/ijg/jdphuff.o
 .text.decode_mcu_DC_refine
                0x8000be98       0xac src/ASF/thirdparty/ijg/jdphuff.o
 .text.decode_mcu_AC_refine
                0x8000bf44      0x310 src/ASF/thirdparty/ijg/jdphuff.o
 .text.decode_mcu_AC_first
                0x8000c254      0x19c src/ASF/thirdparty/ijg/jdphuff.o
 .text.decode_mcu_DC_first
                0x8000c3f0      0x198 src/ASF/thirdparty/ijg/jdphuff.o
 .text.start_pass_dpost
                0x8000c588       0x94 src/ASF/thirdparty/ijg/jdpostct.o
 .text.post_process_1pass
                0x8000c61c       0x5e src/ASF/thirdparty/ijg/jdpostct.o
 .text.post_process_prepass
                0x8000c67a       0x80 src/ASF/thirdparty/ijg/jdpostct.o
 .text.post_process_2pass
                0x8000c6fa       0x7e src/ASF/thirdparty/ijg/jdpostct.o
 .text.jinit_d_post_controller
                0x8000c778       0x80 src/ASF/thirdparty/ijg/jdpostct.o
                0x8000c778                jinit_d_post_controller
 .text.start_pass_upsample
                0x8000c7f8       0x10 src/ASF/thirdparty/ijg/jdsample.o
 .text.sep_upsample
                0x8000c808       0xbe src/ASF/thirdparty/ijg/jdsample.o
 .text.fullsize_upsample
                0x8000c8c6        0x4 src/ASF/thirdparty/ijg/jdsample.o
 .text.noop_upsample
                0x8000c8ca        0x6 src/ASF/thirdparty/ijg/jdsample.o
 .text.h2v1_upsample
                0x8000c8d0       0x40 src/ASF/thirdparty/ijg/jdsample.o
 .text.h2v1_fancy_upsample
                0x8000c910       0x8a src/ASF/thirdparty/ijg/jdsample.o
 .text.h2v2_fancy_upsample
                0x8000c99a       0xe0 src/ASF/thirdparty/ijg/jdsample.o
 *fill*         0x8000ca7a        0x2 d703d703
 .text.jinit_upsampler
                0x8000ca7c      0x1a4 src/ASF/thirdparty/ijg/jdsample.o
                0x8000ca7c                jinit_upsampler
 .text.int_upsample
                0x8000cc20       0xa0 src/ASF/thirdparty/ijg/jdsample.o
 .text.h2v2_upsample
                0x8000ccc0       0x64 src/ASF/thirdparty/ijg/jdsample.o
 .text.output_message
                0x8000cd24       0x12 src/ASF/thirdparty/ijg/jerror.o
 .text.emit_message
                0x8000cd36       0x38 src/ASF/thirdparty/ijg/jerror.o
 .text.reset_error_mgr
                0x8000cd6e        0xe src/ASF/thirdparty/ijg/jerror.o
 .text.jpeg_std_error
                0x8000cd7c       0x54 src/ASF/thirdparty/ijg/jerror.o
                0x8000cd7c                jpeg_std_error
 .text.format_message
                0x8000cdd0       0xa4 src/ASF/thirdparty/ijg/jerror.o
 .text.error_exit
                0x8000ce74       0x1c src/ASF/thirdparty/ijg/jerror.o
 .text.jpeg_idct_ifast
                0x8000ce90      0x35c src/ASF/thirdparty/ijg/jidctfst.o
                0x8000ce90                jpeg_idct_ifast
 .text.jpeg_idct_islow
                0x8000d1ec      0x42c src/ASF/thirdparty/ijg/jidctint.o
                0x8000d1ec                jpeg_idct_islow
 .text.jpeg_idct_4x4
                0x8000d618      0x2a0 src/ASF/thirdparty/ijg/jidctred.o
                0x8000d618                jpeg_idct_4x4
 .text.jpeg_idct_2x2
                0x8000d8b8      0x19a src/ASF/thirdparty/ijg/jidctred.o
                0x8000d8b8                jpeg_idct_2x2
 .text.jpeg_idct_1x1
                0x8000da52       0x22 src/ASF/thirdparty/ijg/jidctred.o
                0x8000da52                jpeg_idct_1x1
 .text.out_of_memory
                0x8000da74       0x14 src/ASF/thirdparty/ijg/jmemmgr.o
 .text.do_sarray_io
                0x8000da88       0xa6 src/ASF/thirdparty/ijg/jmemmgr.o
 .text.do_barray_io
                0x8000db2e       0xa6 src/ASF/thirdparty/ijg/jmemmgr.o
 .text.alloc_small
                0x8000dbd4      0x108 src/ASF/thirdparty/ijg/jmemmgr.o
 .text.request_virt_barray
                0x8000dcdc       0x50 src/ASF/thirdparty/ijg/jmemmgr.o
 .text.request_virt_sarray
                0x8000dd2c       0x50 src/ASF/thirdparty/ijg/jmemmgr.o
 .text.jinit_memory_mgr
                0x8000dd7c      0x134 src/ASF/thirdparty/ijg/jmemmgr.o
                0x8000dd7c                jinit_memory_mgr
 .text.free_pool
                0x8000deb0       0xe4 src/ASF/thirdparty/ijg/jmemmgr.o
 .text.self_destruct
                0x8000df94       0x38 src/ASF/thirdparty/ijg/jmemmgr.o
 .text.access_virt_barray
                0x8000dfcc      0x120 src/ASF/thirdparty/ijg/jmemmgr.o
 .text.access_virt_sarray
                0x8000e0ec      0x120 src/ASF/thirdparty/ijg/jmemmgr.o
 .text.alloc_large
                0x8000e20c       0x88 src/ASF/thirdparty/ijg/jmemmgr.o
 .text.alloc_barray
                0x8000e294       0x90 src/ASF/thirdparty/ijg/jmemmgr.o
 .text.alloc_sarray
                0x8000e324       0x8c src/ASF/thirdparty/ijg/jmemmgr.o
 .text.realize_virt_arrays
                0x8000e3b0      0x150 src/ASF/thirdparty/ijg/jmemmgr.o
 .text.jpeg_mem_available
                0x8000e500        0x2 src/ASF/thirdparty/ijg/jmemnobs.o
                0x8000e500                jpeg_mem_available
 .text.jpeg_open_backing_store
                0x8000e502       0x10 src/ASF/thirdparty/ijg/jmemnobs.o
                0x8000e502                jpeg_open_backing_store
 .text.jpeg_mem_init
                0x8000e512        0x2 src/ASF/thirdparty/ijg/jmemnobs.o
                0x8000e512                jpeg_mem_init
 .text.jpeg_mem_term
                0x8000e514        0x2 src/ASF/thirdparty/ijg/jmemnobs.o
                0x8000e514                jpeg_mem_term
 *fill*         0x8000e516        0x2 d703d703
 .text.jpeg_free_large
                0x8000e518       0x10 src/ASF/thirdparty/ijg/jmemnobs.o
                0x8000e518                jpeg_free_large
 .text.jpeg_free_small
                0x8000e528       0x10 src/ASF/thirdparty/ijg/jmemnobs.o
                0x8000e528                jpeg_free_small
 .text.jpeg_get_large
                0x8000e538       0x10 src/ASF/thirdparty/ijg/jmemnobs.o
                0x8000e538                jpeg_get_large
 .text.jpeg_get_small
                0x8000e548       0x10 src/ASF/thirdparty/ijg/jmemnobs.o
                0x8000e548                jpeg_get_small
 .text.largest_input_value
                0x8000e558       0x16 src/ASF/thirdparty/ijg/jquant1.o
 *fill*         0x8000e56e        0x2 d703d703
 .text.create_colorindex
                0x8000e570       0xec src/ASF/thirdparty/ijg/jquant1.o
 .text.color_quantize
                0x8000e65c       0x78 src/ASF/thirdparty/ijg/jquant1.o
 .text.color_quantize3
                0x8000e6d4       0x56 src/ASF/thirdparty/ijg/jquant1.o
 .text.quantize3_ord_dither
                0x8000e72a       0xc0 src/ASF/thirdparty/ijg/jquant1.o
 .text.alloc_fs_workspace
                0x8000e7ea       0x3a src/ASF/thirdparty/ijg/jquant1.o
 .text.finish_pass_1_quant
                0x8000e824        0x2 src/ASF/thirdparty/ijg/jquant1.o
 .text.new_color_map_1_quant
                0x8000e826       0x10 src/ASF/thirdparty/ijg/jquant1.o
 *fill*         0x8000e836        0x2 d703d703
 .text.jinit_1pass_quantizer
                0x8000e838      0x25c src/ASF/thirdparty/ijg/jquant1.o
                0x8000e838                jinit_1pass_quantizer
 .text.start_pass_1_quant
                0x8000ea94      0x180 src/ASF/thirdparty/ijg/jquant1.o
 .text.quantize_fs_dither
                0x8000ec14      0x168 src/ASF/thirdparty/ijg/jquant1.o
 .text.quantize_ord_dither
                0x8000ed7c       0xb4 src/ASF/thirdparty/ijg/jquant1.o
 .text.prescan_quantize
                0x8000ee30       0x5a src/ASF/thirdparty/ijg/jquant2.o
 .text.update_box
                0x8000ee8a      0x324 src/ASF/thirdparty/ijg/jquant2.o
 .text.fill_inverse_cmap
                0x8000f1ae      0x318 src/ASF/thirdparty/ijg/jquant2.o
 *fill*         0x8000f4c6        0x2 d703d703
 .text.pass2_no_dither
                0x8000f4c8       0x8c src/ASF/thirdparty/ijg/jquant2.o
 .text.pass2_fs_dither
                0x8000f554      0x25c src/ASF/thirdparty/ijg/jquant2.o
 .text.init_error_limit
                0x8000f7b0       0x76 src/ASF/thirdparty/ijg/jquant2.o
 *fill*         0x8000f826        0x2 d703d703
 .text.finish_pass1
                0x8000f828      0x2d4 src/ASF/thirdparty/ijg/jquant2.o
 .text.finish_pass2
                0x8000fafc        0x2 src/ASF/thirdparty/ijg/jquant2.o
 .text.new_color_map_2_quant
                0x8000fafe        0xa src/ASF/thirdparty/ijg/jquant2.o
 .text.jinit_2pass_quantizer
                0x8000fb08      0x104 src/ASF/thirdparty/ijg/jquant2.o
                0x8000fb08                jinit_2pass_quantizer
 .text.start_pass_2_quant
                0x8000fc0c       0xf8 src/ASF/thirdparty/ijg/jquant2.o
 .text.jdiv_round_up
                0x8000fd04        0xa src/ASF/thirdparty/ijg/jutils.o
                0x8000fd04                jdiv_round_up
 .text.jround_up
                0x8000fd0e       0x10 src/ASF/thirdparty/ijg/jutils.o
                0x8000fd0e                jround_up
 *fill*         0x8000fd1e        0x2 d703d703
 .text.jzero_far
                0x8000fd20       0x10 src/ASF/thirdparty/ijg/jutils.o
                0x8000fd20                jzero_far
 .text.jcopy_block_row
                0x8000fd30       0x14 src/ASF/thirdparty/ijg/jutils.o
                0x8000fd30                jcopy_block_row
 .text.jcopy_sample_rows
                0x8000fd44       0x38 src/ASF/thirdparty/ijg/jutils.o
                0x8000fd44                jcopy_sample_rows
 .text.filtro_movil
                0x8000fd7c      0x140 src/ijg_example.o
                0x8000fd7c                filtro_movil
 .text.Timersetup
                0x8000febc       0x2c src/ijg_example.o
                0x8000febc                Timersetup
 .text.Luces    0x8000fee8      0x2ec src/ijg_example.o
                0x8000fee8                Luces
 .text.get_XY   0x800101d4      0x28c src/ijg_example.o
                0x800101d4                get_XY
 .text.InicializarFiles
                0x80010460       0x88 src/ijg_example.o
                0x80010460                InicializarFiles
 .text.Pantalla
                0x800104e8       0xb0 src/ijg_example.o
                0x800104e8                Pantalla
 .text.Writefile
                0x80010598      0x108 src/ijg_example.o
                0x80010598                Writefile
 .text.Readfile
                0x800106a0       0x54 src/ijg_example.o
                0x800106a0                Readfile
 .text.InicializarFondo
                0x800106f4       0x9c src/ijg_example.o
                0x800106f4                InicializarFondo
 .text.Desplegar
                0x80010790      0x154 src/ijg_example.o
                0x80010790                Desplegar
 .text.imgcheck4
                0x800108e4      0x278 src/ijg_example.o
                0x800108e4                imgcheck4
 .text.imgcheck3
                0x80010b5c      0x2b8 src/ijg_example.o
                0x80010b5c                imgcheck3
 .text.imgcheck2
                0x80010e14      0x2b8 src/ijg_example.o
                0x80010e14                imgcheck2
 .text.imgcheck1
                0x800110cc      0x2b0 src/ijg_example.o
                0x800110cc                imgcheck1
 .text.Dilatar  0x8001137c      0x588 src/ijg_example.o
                0x8001137c                Dilatar
 .text.BlancoNegro
                0x80011904      0x43c src/ijg_example.o
                0x80011904                BlancoNegro
 .text.Blur     0x80011d40      0x55c src/ijg_example.o
                0x80011d40                Blur
 .text.Erosion  0x8001229c      0x560 src/ijg_example.o
                0x8001229c                Erosion
 .text.Autofilto
                0x800127fc      0x4b0 src/ijg_example.o
                0x800127fc                Autofilto
 .text.MenuFiltros
                0x80012cac      0xdd4 src/ijg_example.o
                0x80012cac                MenuFiltros
 .text.Brillo   0x80013a80      0x49c src/ijg_example.o
                0x80013a80                Brillo
 .text.Negativos
                0x80013f1c      0x44c src/ijg_example.o
                0x80013f1c                Negativos
 .text.tc_irq   0x80014368       0x78 src/ijg_example.o
 .text.main     0x800143e0      0x178 src/ijg_example.o
                0x800143e0                main
 .text.touch2   0x80014558      0x164 src/ijg_example.o
                0x80014558                touch2
 .text.stream_open
                0x800146bc        0xc src/jdatasrc.o
                0x800146bc                stream_open
 .text.stream_seek
                0x800146c8       0x10 src/jdatasrc.o
                0x800146c8                stream_seek
 .text.init_source
                0x800146d8        0x8 src/jdatasrc.o
 .text.term_source
                0x800146e0        0x2 src/jdatasrc.o
 *fill*         0x800146e2        0x2 d703d703
 .text.jpeg_stdio_src
                0x800146e4       0x64 src/jdatasrc.o
                0x800146e4                jpeg_stdio_src
 .text.jpeg_lib_exit
                0x80014748       0x40 src/jdatasrc.o
                0x80014748                jpeg_lib_exit
 .text.jpeg_lib_init
                0x80014788       0x94 src/jdatasrc.o
                0x80014788                jpeg_lib_init
 .text.extended_error_exit
                0x8001481c       0x18 src/jdatasrc.o
 .text.jpeg_lib_decode
                0x80014834      0x134 src/jdatasrc.o
                0x80014834                jpeg_lib_decode
 .text.jpeg_lib_decode_ex
                0x80014968       0x38 src/jdatasrc.o
                0x80014968                jpeg_lib_decode_ex
 .text.stream_read
                0x800149a0       0x44 src/jdatasrc.o
                0x800149a0                stream_read
 .text.fill_input_buffer
                0x800149e4       0x3c src/jdatasrc.o
 .text.skip_input_data
                0x80014a20       0x3c src/jdatasrc.o
 .text          0x80014a5c      0x1d4 c:/program files (x86)/atmel/atmel toolchain/avr32 gcc/native/3.4.1067/avr32-gnu-toolchain/bin/../lib/gcc/avr32/4.4.7/ucr2\libgcc.a(_avr32_f64_mul.o)
                0x80014a5c                __avr32_f64_mul
 .text          0x80014c30       0x2a c:/program files (x86)/atmel/atmel toolchain/avr32 gcc/native/3.4.1067/avr32-gnu-toolchain/bin/../lib/gcc/avr32/4.4.7/ucr2\libgcc.a(_avr32_f64_to_s32.o)
                0x80014c30                __avr32_f64_to_u32
                0x80014c34                __avr32_f64_to_s32
 .text          0x80014c5a       0xe8 c:/program files (x86)/atmel/atmel toolchain/avr32 gcc/native/3.4.1067/avr32-gnu-toolchain/bin/../lib/gcc/avr32/4.4.7/ucr2\libgcc.a(_avr32_s32_to_f64.o)
                0x80014c5a                __avr32_u32_to_f64
                0x80014c62                __avr32_s32_to_f64
 .text          0x80014d42      0x264 c:/program files (x86)/atmel/atmel toolchain/avr32 gcc/native/3.4.1067/avr32-gnu-toolchain/bin/../lib/gcc/avr32/4.4.7/ucr2\libgcc.a(_udivdi3.o)
                0x80014d42                __avr32_udiv64
                0x80014d42                __udivdi3
 *fill*         0x80014fa6        0x2 d703d703
 .text.getenv   0x80014fa8       0x14 c:/program files (x86)/atmel/atmel toolchain/avr32 gcc/native/3.4.1067/avr32-gnu-toolchain/bin/../lib/gcc/avr32/4.4.7/../../../../avr32/lib/ucr2\libc.a(lib_a-getenv.o)
                                 0x1c (size before relaxing)
                0x80014fa8                getenv
 .text._findenv_r
                0x80014fbc       0x8c c:/program files (x86)/atmel/atmel toolchain/avr32 gcc/native/3.4.1067/avr32-gnu-toolchain/bin/../lib/gcc/avr32/4.4.7/../../../../avr32/lib/ucr2\libc.a(lib_a-getenv_r.o)
                                 0x98 (size before relaxing)
                0x80014fbc                _findenv_r
 .text.free     0x80015048       0x10 c:/program files (x86)/atmel/atmel toolchain/avr32 gcc/native/3.4.1067/avr32-gnu-toolchain/bin/../lib/gcc/avr32/4.4.7/../../../../avr32/lib/ucr2\libc.a(lib_a-malloc.o)
                                 0x18 (size before relaxing)
                0x80015048                free
 .text.malloc   0x80015058       0x10 c:/program files (x86)/atmel/atmel toolchain/avr32 gcc/native/3.4.1067/avr32-gnu-toolchain/bin/../lib/gcc/avr32/4.4.7/../../../../avr32/lib/ucr2\libc.a(lib_a-malloc.o)
                                 0x18 (size before relaxing)
                0x80015058                malloc
 .text._malloc_r
                0x80015068      0x42c c:/program files (x86)/atmel/atmel toolchain/avr32 gcc/native/3.4.1067/avr32-gnu-toolchain/bin/../lib/gcc/avr32/4.4.7/../../../../avr32/lib/ucr2\libc.a(lib_a-mallocr.o)
                                0x450 (size before relaxing)
                0x80015068                _malloc_r
 .text.memcmp   0x80015494       0x26 c:/program files (x86)/atmel/atmel toolchain/avr32 gcc/native/3.4.1067/avr32-gnu-toolchain/bin/../lib/gcc/avr32/4.4.7/../../../../avr32/lib/ucr2\libc.a(lib_a-memcmp.o)
                0x80015494                memcmp
 .text          0x800154ba      0x148 c:/program files (x86)/atmel/atmel toolchain/avr32 gcc/native/3.4.1067/avr32-gnu-toolchain/bin/../lib/gcc/avr32/4.4.7/../../../../avr32/lib/ucr2\libc.a(lib_a-memcpy.o)
                0x800154ba                memcpy
 .text.memset   0x80015602        0xe c:/program files (x86)/atmel/atmel toolchain/avr32 gcc/native/3.4.1067/avr32-gnu-toolchain/bin/../lib/gcc/avr32/4.4.7/../../../../avr32/lib/ucr2\libc.a(lib_a-memset.o)
                0x80015602                memset
 .text.__malloc_lock
                0x80015610        0x2 c:/program files (x86)/atmel/atmel toolchain/avr32 gcc/native/3.4.1067/avr32-gnu-toolchain/bin/../lib/gcc/avr32/4.4.7/../../../../avr32/lib/ucr2\libc.a(lib_a-mlock.o)
                0x80015610                __malloc_lock
 .text.__malloc_unlock
                0x80015612        0x2 c:/program files (x86)/atmel/atmel toolchain/avr32 gcc/native/3.4.1067/avr32-gnu-toolchain/bin/../lib/gcc/avr32/4.4.7/../../../../avr32/lib/ucr2\libc.a(lib_a-mlock.o)
                0x80015612                __malloc_unlock
 .text._sbrk_r  0x80015614       0x20 c:/program files (x86)/atmel/atmel toolchain/avr32 gcc/native/3.4.1067/avr32-gnu-toolchain/bin/../lib/gcc/avr32/4.4.7/../../../../avr32/lib/ucr2\libc.a(lib_a-sbrkr.o)
                                 0x28 (size before relaxing)
                0x80015614                _sbrk_r
 .text          0x80015634       0x10 c:/program files (x86)/atmel/atmel toolchain/avr32 gcc/native/3.4.1067/avr32-gnu-toolchain/bin/../lib/gcc/avr32/4.4.7/../../../../avr32/lib/ucr2\libc.a(lib_a-setjmp.o)
                0x80015634                setjmp
                0x8001563a                longjmp
 .text.sprintf  0x80015644       0x3c c:/program files (x86)/atmel/atmel toolchain/avr32 gcc/native/3.4.1067/avr32-gnu-toolchain/bin/../lib/gcc/avr32/4.4.7/../../../../avr32/lib/ucr2\libc.a(lib_a-sprintf.o)
                                 0x40 (size before relaxing)
                0x80015644                sprintf
 .text.eofread  0x80015680        0x2 c:/program files (x86)/atmel/atmel toolchain/avr32 gcc/native/3.4.1067/avr32-gnu-toolchain/bin/../lib/gcc/avr32/4.4.7/../../../../avr32/lib/ucr2\libc.a(lib_a-sscanf.o)
 *fill*         0x80015682        0x2 d703d703
 .text.sscanf   0x80015684       0x3c c:/program files (x86)/atmel/atmel toolchain/avr32 gcc/native/3.4.1067/avr32-gnu-toolchain/bin/../lib/gcc/avr32/4.4.7/../../../../avr32/lib/ucr2\libc.a(lib_a-sscanf.o)
                                 0x4c (size before relaxing)
                0x80015684                sscanf
 .text.strlen   0x800156c0       0x16 c:/program files (x86)/atmel/atmel toolchain/avr32 gcc/native/3.4.1067/avr32-gnu-toolchain/bin/../lib/gcc/avr32/4.4.7/../../../../avr32/lib/ucr2\libc.a(lib_a-strlen.o)
                0x800156c0                strlen
 .text.strncmp  0x800156d6       0x26 c:/program files (x86)/atmel/atmel toolchain/avr32 gcc/native/3.4.1067/avr32-gnu-toolchain/bin/../lib/gcc/avr32/4.4.7/../../../../avr32/lib/ucr2\libc.a(lib_a-strncmp.o)
                0x800156d6                strncmp
 .text._init_startup
                0x800156fc        0x2 c:/program files (x86)/atmel/atmel toolchain/avr32 gcc/native/3.4.1067/avr32-gnu-toolchain/bin/../lib/gcc/avr32/4.4.7/../../../../avr32/lib/ucr2\libc.a(lib_a-syscalls.o)
                0x800156fc                _init_startup
 *fill*         0x800156fe        0x2 d703d703
 .text._close   0x80015700       0x14 c:/program files (x86)/atmel/atmel toolchain/avr32 gcc/native/3.4.1067/avr32-gnu-toolchain/bin/../lib/gcc/avr32/4.4.7/../../../../avr32/lib/ucr2\libc.a(lib_a-syscalls.o)
                                 0x18 (size before relaxing)
                0x80015700                _close
 .text._lseek   0x80015714       0x14 c:/program files (x86)/atmel/atmel toolchain/avr32 gcc/native/3.4.1067/avr32-gnu-toolchain/bin/../lib/gcc/avr32/4.4.7/../../../../avr32/lib/ucr2\libc.a(lib_a-syscalls.o)
                                 0x18 (size before relaxing)
                0x80015714                _lseek
 .text._read    0x80015728       0x14 c:/program files (x86)/atmel/atmel toolchain/avr32 gcc/native/3.4.1067/avr32-gnu-toolchain/bin/../lib/gcc/avr32/4.4.7/../../../../avr32/lib/ucr2\libc.a(lib_a-syscalls.o)
                                 0x18 (size before relaxing)
                0x80015728                _read
 .text._write   0x8001573c       0x14 c:/program files (x86)/atmel/atmel toolchain/avr32 gcc/native/3.4.1067/avr32-gnu-toolchain/bin/../lib/gcc/avr32/4.4.7/../../../../avr32/lib/ucr2\libc.a(lib_a-syscalls.o)
                                 0x18 (size before relaxing)
                0x8001573c                _write
 .text.isatty   0x80015750       0x14 c:/program files (x86)/atmel/atmel toolchain/avr32 gcc/native/3.4.1067/avr32-gnu-toolchain/bin/../lib/gcc/avr32/4.4.7/../../../../avr32/lib/ucr2\libc.a(lib_a-syscalls.o)
                                 0x18 (size before relaxing)
                0x80015750                isatty
 .text._fstat_host
                0x80015764       0x14 c:/program files (x86)/atmel/atmel toolchain/avr32 gcc/native/3.4.1067/avr32-gnu-toolchain/bin/../lib/gcc/avr32/4.4.7/../../../../avr32/lib/ucr2\libc.a(lib_a-syscalls.o)
                                 0x18 (size before relaxing)
                0x80015764                _fstat_host
 .text._fstat   0x80015778       0x4c c:/program files (x86)/atmel/atmel toolchain/avr32 gcc/native/3.4.1067/avr32-gnu-toolchain/bin/../lib/gcc/avr32/4.4.7/../../../../avr32/lib/ucr2\libc.a(lib_a-syscalls.o)
                                 0x50 (size before relaxing)
                0x80015778                _fstat
 .text._sbrk    0x800157c4       0x3c c:/program files (x86)/atmel/atmel toolchain/avr32 gcc/native/3.4.1067/avr32-gnu-toolchain/bin/../lib/gcc/avr32/4.4.7/../../../../avr32/lib/ucr2\libc.a(lib_a-syscalls.o)
                                 0x40 (size before relaxing)
                0x800157c4                _sbrk
 .text.get_arg  0x80015800      0x320 c:/program files (x86)/atmel/atmel toolchain/avr32 gcc/native/3.4.1067/avr32-gnu-toolchain/bin/../lib/gcc/avr32/4.4.7/../../../../avr32/lib/ucr2\libc.a(lib_a-vfprintf.o)
                                0x324 (size before relaxing)
 .text.__sprint_r
                0x80015b20       0x1c c:/program files (x86)/atmel/atmel toolchain/avr32 gcc/native/3.4.1067/avr32-gnu-toolchain/bin/../lib/gcc/avr32/4.4.7/../../../../avr32/lib/ucr2\libc.a(lib_a-vfprintf.o)
                                 0x20 (size before relaxing)
 .text._vfprintf_r
                0x80015b3c     0x1f2c c:/program files (x86)/atmel/atmel toolchain/avr32 gcc/native/3.4.1067/avr32-gnu-toolchain/bin/../lib/gcc/avr32/4.4.7/../../../../avr32/lib/ucr2\libc.a(lib_a-vfprintf.o)
                               0x1f9c (size before relaxing)
                0x80015b3c                _vfprintf_r
 .text.__svfscanf_r
                0x80017a68     0x14f0 c:/program files (x86)/atmel/atmel toolchain/avr32 gcc/native/3.4.1067/avr32-gnu-toolchain/bin/../lib/gcc/avr32/4.4.7/../../../../avr32/lib/ucr2\libc.a(lib_a-vfscanf.o)
                               0x1568 (size before relaxing)
                0x80017a68                __svfscanf_r
 .text.__swsetup_r
                0x80018f58       0xdc c:/program files (x86)/atmel/atmel toolchain/avr32 gcc/native/3.4.1067/avr32-gnu-toolchain/bin/../lib/gcc/avr32/4.4.7/../../../../avr32/lib/ucr2\libc.a(lib_a-wsetup.o)
                                 0xe8 (size before relaxing)
                0x80018f58                __swsetup_r
 .text.quorem   0x80019034      0x120 c:/program files (x86)/atmel/atmel toolchain/avr32 gcc/native/3.4.1067/avr32-gnu-toolchain/bin/../lib/gcc/avr32/4.4.7/../../../../avr32/lib/ucr2\libc.a(lib_a-dtoa.o)
                                0x124 (size before relaxing)
 .text._dtoa_r  0x80019154      0xbdc c:/program files (x86)/atmel/atmel toolchain/avr32 gcc/native/3.4.1067/avr32-gnu-toolchain/bin/../lib/gcc/avr32/4.4.7/../../../../avr32/lib/ucr2\libc.a(lib_a-dtoa.o)
                                0xc90 (size before relaxing)
                0x80019154                _dtoa_r
 .text.__env_lock
                0x80019d30        0x2 c:/program files (x86)/atmel/atmel toolchain/avr32 gcc/native/3.4.1067/avr32-gnu-toolchain/bin/../lib/gcc/avr32/4.4.7/../../../../avr32/lib/ucr2\libc.a(lib_a-envlock.o)
                0x80019d30                __env_lock
 .text.__env_unlock
                0x80019d32        0x2 c:/program files (x86)/atmel/atmel toolchain/avr32 gcc/native/3.4.1067/avr32-gnu-toolchain/bin/../lib/gcc/avr32/4.4.7/../../../../avr32/lib/ucr2\libc.a(lib_a-envlock.o)
                0x80019d32                __env_unlock
 .text.__errno  0x80019d34        0xc c:/program files (x86)/atmel/atmel toolchain/avr32 gcc/native/3.4.1067/avr32-gnu-toolchain/bin/../lib/gcc/avr32/4.4.7/../../../../avr32/lib/ucr2\libc.a(lib_a-errno.o)
                0x80019d34                __errno
 .text._fflush_r
                0x80019d40      0x10c c:/program files (x86)/atmel/atmel toolchain/avr32 gcc/native/3.4.1067/avr32-gnu-toolchain/bin/../lib/gcc/avr32/4.4.7/../../../../avr32/lib/ucr2\libc.a(lib_a-fflush.o)
                                0x118 (size before relaxing)
                0x80019d40                _fflush_r
 .text.fflush   0x80019e4c       0x24 c:/program files (x86)/atmel/atmel toolchain/avr32 gcc/native/3.4.1067/avr32-gnu-toolchain/bin/../lib/gcc/avr32/4.4.7/../../../../avr32/lib/ucr2\libc.a(lib_a-fflush.o)
                                 0x30 (size before relaxing)
                0x80019e4c                fflush
 .text.__sfp_lock_acquire
                0x80019e70        0x2 c:/program files (x86)/atmel/atmel toolchain/avr32 gcc/native/3.4.1067/avr32-gnu-toolchain/bin/../lib/gcc/avr32/4.4.7/../../../../avr32/lib/ucr2\libc.a(lib_a-findfp.o)
                0x80019e70                __sfp_lock_acquire
 .text.__sfp_lock_release
                0x80019e72        0x2 c:/program files (x86)/atmel/atmel toolchain/avr32 gcc/native/3.4.1067/avr32-gnu-toolchain/bin/../lib/gcc/avr32/4.4.7/../../../../avr32/lib/ucr2\libc.a(lib_a-findfp.o)
                0x80019e72                __sfp_lock_release
 .text._cleanup_r
                0x80019e74        0xc c:/program files (x86)/atmel/atmel toolchain/avr32 gcc/native/3.4.1067/avr32-gnu-toolchain/bin/../lib/gcc/avr32/4.4.7/../../../../avr32/lib/ucr2\libc.a(lib_a-findfp.o)
                                 0x14 (size before relaxing)
                0x80019e74                _cleanup_r
 .text.__sfmoreglue
                0x80019e80       0x28 c:/program files (x86)/atmel/atmel toolchain/avr32 gcc/native/3.4.1067/avr32-gnu-toolchain/bin/../lib/gcc/avr32/4.4.7/../../../../avr32/lib/ucr2\libc.a(lib_a-findfp.o)
                                 0x30 (size before relaxing)
                0x80019e80                __sfmoreglue
 .text.__sfp    0x80019ea8       0x6c c:/program files (x86)/atmel/atmel toolchain/avr32 gcc/native/3.4.1067/avr32-gnu-toolchain/bin/../lib/gcc/avr32/4.4.7/../../../../avr32/lib/ucr2\libc.a(lib_a-findfp.o)
                                 0x7c (size before relaxing)
                0x80019ea8                __sfp
 .text.__sinit  0x80019f14       0x9c c:/program files (x86)/atmel/atmel toolchain/avr32 gcc/native/3.4.1067/avr32-gnu-toolchain/bin/../lib/gcc/avr32/4.4.7/../../../../avr32/lib/ucr2\libc.a(lib_a-findfp.o)
                                 0xb0 (size before relaxing)
                0x80019f14                __sinit
 .text._fread_r
                0x80019fb0       0xa0 c:/program files (x86)/atmel/atmel toolchain/avr32 gcc/native/3.4.1067/avr32-gnu-toolchain/bin/../lib/gcc/avr32/4.4.7/../../../../avr32/lib/ucr2\libc.a(lib_a-fread.o)
                                 0xb4 (size before relaxing)
                0x80019fb0                _fread_r
 .text.fread    0x8001a050       0x14 c:/program files (x86)/atmel/atmel toolchain/avr32 gcc/native/3.4.1067/avr32-gnu-toolchain/bin/../lib/gcc/avr32/4.4.7/../../../../avr32/lib/ucr2\libc.a(lib_a-fread.o)
                                 0x1c (size before relaxing)
                0x8001a050                fread
 .text._malloc_trim_r
                0x8001a064       0x98 c:/program files (x86)/atmel/atmel toolchain/avr32 gcc/native/3.4.1067/avr32-gnu-toolchain/bin/../lib/gcc/avr32/4.4.7/../../../../avr32/lib/ucr2\libc.a(lib_a-freer.o)
                                 0xa8 (size before relaxing)
                0x8001a064                _malloc_trim_r
 .text._free_r  0x8001a0fc      0x18c c:/program files (x86)/atmel/atmel toolchain/avr32 gcc/native/3.4.1067/avr32-gnu-toolchain/bin/../lib/gcc/avr32/4.4.7/../../../../avr32/lib/ucr2\libc.a(lib_a-freer.o)
                                0x1a0 (size before relaxing)
                0x8001a0fc                _free_r
 .text.__sfvwrite_r
                0x8001a288      0x294 c:/program files (x86)/atmel/atmel toolchain/avr32 gcc/native/3.4.1067/avr32-gnu-toolchain/bin/../lib/gcc/avr32/4.4.7/../../../../avr32/lib/ucr2\libc.a(lib_a-fvwrite.o)
                                0x2c4 (size before relaxing)
                0x8001a288                __sfvwrite_r
 .text._fwalk_reent
                0x8001a51c       0x50 c:/program files (x86)/atmel/atmel toolchain/avr32 gcc/native/3.4.1067/avr32-gnu-toolchain/bin/../lib/gcc/avr32/4.4.7/../../../../avr32/lib/ucr2\libc.a(lib_a-fwalk.o)
                                 0x58 (size before relaxing)
                0x8001a51c                _fwalk_reent
 .text._fwalk   0x8001a56c       0x4c c:/program files (x86)/atmel/atmel toolchain/avr32 gcc/native/3.4.1067/avr32-gnu-toolchain/bin/../lib/gcc/avr32/4.4.7/../../../../avr32/lib/ucr2\libc.a(lib_a-fwalk.o)
                                 0x54 (size before relaxing)
                0x8001a56c                _fwalk
 .text.iswspace
                0x8001a5b8       0x18 c:/program files (x86)/atmel/atmel toolchain/avr32 gcc/native/3.4.1067/avr32-gnu-toolchain/bin/../lib/gcc/avr32/4.4.7/../../../../avr32/lib/ucr2\libc.a(lib_a-iswspace.o)
                                 0x1c (size before relaxing)
                0x8001a5b8                iswspace
 .text._localeconv_r
                0x8001a5d0        0x8 c:/program files (x86)/atmel/atmel toolchain/avr32 gcc/native/3.4.1067/avr32-gnu-toolchain/bin/../lib/gcc/avr32/4.4.7/../../../../avr32/lib/ucr2\libc.a(lib_a-locale.o)
                0x8001a5d0                _localeconv_r
 .text.__smakebuf_r
                0x8001a5d8       0xbc c:/program files (x86)/atmel/atmel toolchain/avr32 gcc/native/3.4.1067/avr32-gnu-toolchain/bin/../lib/gcc/avr32/4.4.7/../../../../avr32/lib/ucr2\libc.a(lib_a-makebuf.o)
                                 0xcc (size before relaxing)
                0x8001a5d8                __smakebuf_r
 .text._mbrtowc_r
                0x8001a694       0x24 c:/program files (x86)/atmel/atmel toolchain/avr32 gcc/native/3.4.1067/avr32-gnu-toolchain/bin/../lib/gcc/avr32/4.4.7/../../../../avr32/lib/ucr2\libc.a(lib_a-mbrtowc.o)
                                 0x2c (size before relaxing)
                0x8001a694                _mbrtowc_r
 .text._mbtowc_r
                0x8001a6b8       0x38 c:/program files (x86)/atmel/atmel toolchain/avr32 gcc/native/3.4.1067/avr32-gnu-toolchain/bin/../lib/gcc/avr32/4.4.7/../../../../avr32/lib/ucr2\libc.a(lib_a-mbtowc_r.o)
                0x8001a6b8                _mbtowc_r
 .text.memchr   0x8001a6f0       0x16 c:/program files (x86)/atmel/atmel toolchain/avr32 gcc/native/3.4.1067/avr32-gnu-toolchain/bin/../lib/gcc/avr32/4.4.7/../../../../avr32/lib/ucr2\libc.a(lib_a-memchr.o)
                0x8001a6f0                memchr
 .text.memmove  0x8001a706       0x3e c:/program files (x86)/atmel/atmel toolchain/avr32 gcc/native/3.4.1067/avr32-gnu-toolchain/bin/../lib/gcc/avr32/4.4.7/../../../../avr32/lib/ucr2\libc.a(lib_a-memmove.o)
                0x8001a706                memmove
 .text.__hi0bits
                0x8001a744       0x60 c:/program files (x86)/atmel/atmel toolchain/avr32 gcc/native/3.4.1067/avr32-gnu-toolchain/bin/../lib/gcc/avr32/4.4.7/../../../../avr32/lib/ucr2\libc.a(lib_a-mprec.o)
                0x8001a744                __hi0bits
 .text.__lo0bits
                0x8001a7a4       0x8e c:/program files (x86)/atmel/atmel toolchain/avr32 gcc/native/3.4.1067/avr32-gnu-toolchain/bin/../lib/gcc/avr32/4.4.7/../../../../avr32/lib/ucr2\libc.a(lib_a-mprec.o)
                0x8001a7a4                __lo0bits
 .text.__mcmp   0x8001a832       0x32 c:/program files (x86)/atmel/atmel toolchain/avr32 gcc/native/3.4.1067/avr32-gnu-toolchain/bin/../lib/gcc/avr32/4.4.7/../../../../avr32/lib/ucr2\libc.a(lib_a-mprec.o)
                0x8001a832                __mcmp
 .text.__ulp    0x8001a864       0x48 c:/program files (x86)/atmel/atmel toolchain/avr32 gcc/native/3.4.1067/avr32-gnu-toolchain/bin/../lib/gcc/avr32/4.4.7/../../../../avr32/lib/ucr2\libc.a(lib_a-mprec.o)
                0x8001a864                __ulp
 .text.__b2d    0x8001a8ac       0x98 c:/program files (x86)/atmel/atmel toolchain/avr32 gcc/native/3.4.1067/avr32-gnu-toolchain/bin/../lib/gcc/avr32/4.4.7/../../../../avr32/lib/ucr2\libc.a(lib_a-mprec.o)
                                 0xa0 (size before relaxing)
                0x8001a8ac                __b2d
 .text.__ratio  0x8001a944       0x50 c:/program files (x86)/atmel/atmel toolchain/avr32 gcc/native/3.4.1067/avr32-gnu-toolchain/bin/../lib/gcc/avr32/4.4.7/../../../../avr32/lib/ucr2\libc.a(lib_a-mprec.o)
                                 0x5c (size before relaxing)
                0x8001a944                __ratio
 .text.__copybits
                0x8001a994       0x2e c:/program files (x86)/atmel/atmel toolchain/avr32 gcc/native/3.4.1067/avr32-gnu-toolchain/bin/../lib/gcc/avr32/4.4.7/../../../../avr32/lib/ucr2\libc.a(lib_a-mprec.o)
                0x8001a994                __copybits
 .text.__any_on
                0x8001a9c2       0x4c c:/program files (x86)/atmel/atmel toolchain/avr32 gcc/native/3.4.1067/avr32-gnu-toolchain/bin/../lib/gcc/avr32/4.4.7/../../../../avr32/lib/ucr2\libc.a(lib_a-mprec.o)
                0x8001a9c2                __any_on
 *fill*         0x8001aa0e        0x2 d703d703
 .text._Bfree   0x8001aa10       0x34 c:/program files (x86)/atmel/atmel toolchain/avr32 gcc/native/3.4.1067/avr32-gnu-toolchain/bin/../lib/gcc/avr32/4.4.7/../../../../avr32/lib/ucr2\libc.a(lib_a-mprec.o)
                                 0x38 (size before relaxing)
                0x8001aa10                _Bfree
 .text._Balloc  0x8001aa44       0x70 c:/program files (x86)/atmel/atmel toolchain/avr32 gcc/native/3.4.1067/avr32-gnu-toolchain/bin/../lib/gcc/avr32/4.4.7/../../../../avr32/lib/ucr2\libc.a(lib_a-mprec.o)
                                 0x78 (size before relaxing)
                0x8001aa44                _Balloc
 .text.__d2b    0x8001aab4       0xa4 c:/program files (x86)/atmel/atmel toolchain/avr32 gcc/native/3.4.1067/avr32-gnu-toolchain/bin/../lib/gcc/avr32/4.4.7/../../../../avr32/lib/ucr2\libc.a(lib_a-mprec.o)
                                 0xb4 (size before relaxing)
                0x8001aab4                __d2b
 .text.__mdiff  0x8001ab58       0xd0 c:/program files (x86)/atmel/atmel toolchain/avr32 gcc/native/3.4.1067/avr32-gnu-toolchain/bin/../lib/gcc/avr32/4.4.7/../../../../avr32/lib/ucr2\libc.a(lib_a-mprec.o)
                                 0xd8 (size before relaxing)
                0x8001ab58                __mdiff
 .text.__lshift
                0x8001ac28       0x88 c:/program files (x86)/atmel/atmel toolchain/avr32 gcc/native/3.4.1067/avr32-gnu-toolchain/bin/../lib/gcc/avr32/4.4.7/../../../../avr32/lib/ucr2\libc.a(lib_a-mprec.o)
                                 0x94 (size before relaxing)
                0x8001ac28                __lshift
 .text.__multiply
                0x8001acb0      0x100 c:/program files (x86)/atmel/atmel toolchain/avr32 gcc/native/3.4.1067/avr32-gnu-toolchain/bin/../lib/gcc/avr32/4.4.7/../../../../avr32/lib/ucr2\libc.a(lib_a-mprec.o)
                                0x108 (size before relaxing)
                0x8001acb0                __multiply
 .text.__i2b    0x8001adb0       0x10 c:/program files (x86)/atmel/atmel toolchain/avr32 gcc/native/3.4.1067/avr32-gnu-toolchain/bin/../lib/gcc/avr32/4.4.7/../../../../avr32/lib/ucr2\libc.a(lib_a-mprec.o)
                                 0x18 (size before relaxing)
                0x8001adb0                __i2b
 .text.__multadd
                0x8001adc0       0x7c c:/program files (x86)/atmel/atmel toolchain/avr32 gcc/native/3.4.1067/avr32-gnu-toolchain/bin/../lib/gcc/avr32/4.4.7/../../../../avr32/lib/ucr2\libc.a(lib_a-mprec.o)
                                 0x88 (size before relaxing)
                0x8001adc0                __multadd
 .text.__pow5mult
                0x8001ae3c       0x8c c:/program files (x86)/atmel/atmel toolchain/avr32 gcc/native/3.4.1067/avr32-gnu-toolchain/bin/../lib/gcc/avr32/4.4.7/../../../../avr32/lib/ucr2\libc.a(lib_a-mprec.o)
                                 0xac (size before relaxing)
                0x8001ae3c                __pow5mult
 .text.__s2b    0x8001aec8       0x78 c:/program files (x86)/atmel/atmel toolchain/avr32 gcc/native/3.4.1067/avr32-gnu-toolchain/bin/../lib/gcc/avr32/4.4.7/../../../../avr32/lib/ucr2\libc.a(lib_a-mprec.o)
                                 0x84 (size before relaxing)
                0x8001aec8                __s2b
 .text._realloc_r
                0x8001af40      0x2c0 c:/program files (x86)/atmel/atmel toolchain/avr32 gcc/native/3.4.1067/avr32-gnu-toolchain/bin/../lib/gcc/avr32/4.4.7/../../../../avr32/lib/ucr2\libc.a(lib_a-reallocr.o)
                                0x2e0 (size before relaxing)
                0x8001af40                _realloc_r
 .text.__srefill_r
                0x8001b200       0xf8 c:/program files (x86)/atmel/atmel toolchain/avr32 gcc/native/3.4.1067/avr32-gnu-toolchain/bin/../lib/gcc/avr32/4.4.7/../../../../avr32/lib/ucr2\libc.a(lib_a-refill.o)
                                0x118 (size before relaxing)
                0x8001b200                __srefill_r
 .text.lflush   0x8001b2f8       0x14 c:/program files (x86)/atmel/atmel toolchain/avr32 gcc/native/3.4.1067/avr32-gnu-toolchain/bin/../lib/gcc/avr32/4.4.7/../../../../avr32/lib/ucr2\libc.a(lib_a-refill.o)
                                 0x18 (size before relaxing)
 .text.__isinfd
                0x8001b30c       0x2a c:/program files (x86)/atmel/atmel toolchain/avr32 gcc/native/3.4.1067/avr32-gnu-toolchain/bin/../lib/gcc/avr32/4.4.7/../../../../avr32/lib/ucr2\libc.a(lib_a-s_isinfd.o)
                0x8001b30c                __isinfd
 .text.__isnand
                0x8001b336       0x1c c:/program files (x86)/atmel/atmel toolchain/avr32 gcc/native/3.4.1067/avr32-gnu-toolchain/bin/../lib/gcc/avr32/4.4.7/../../../../avr32/lib/ucr2\libc.a(lib_a-s_isnand.o)
                0x8001b336                __isnand
 .text.__sccl   0x8001b352       0x92 c:/program files (x86)/atmel/atmel toolchain/avr32 gcc/native/3.4.1067/avr32-gnu-toolchain/bin/../lib/gcc/avr32/4.4.7/../../../../avr32/lib/ucr2\libc.a(lib_a-sccl.o)
                0x8001b352                __sccl
 .text.nanf     0x8001b3e4        0x6 c:/program files (x86)/atmel/atmel toolchain/avr32 gcc/native/3.4.1067/avr32-gnu-toolchain/bin/../lib/gcc/avr32/4.4.7/../../../../avr32/lib/ucr2\libc.a(lib_a-sf_nan.o)
                0x8001b3e4                nanf
 *fill*         0x8001b3ea        0x2 d703d703
 .text.__sclose
                0x8001b3ec        0xc c:/program files (x86)/atmel/atmel toolchain/avr32 gcc/native/3.4.1067/avr32-gnu-toolchain/bin/../lib/gcc/avr32/4.4.7/../../../../avr32/lib/ucr2\libc.a(lib_a-stdio.o)
                                 0x10 (size before relaxing)
                0x8001b3ec                __sclose
 .text.__sseek  0x8001b3f8       0x24 c:/program files (x86)/atmel/atmel toolchain/avr32 gcc/native/3.4.1067/avr32-gnu-toolchain/bin/../lib/gcc/avr32/4.4.7/../../../../avr32/lib/ucr2\libc.a(lib_a-stdio.o)
                                 0x28 (size before relaxing)
                0x8001b3f8                __sseek
 .text.__swrite
                0x8001b41c       0x30 c:/program files (x86)/atmel/atmel toolchain/avr32 gcc/native/3.4.1067/avr32-gnu-toolchain/bin/../lib/gcc/avr32/4.4.7/../../../../avr32/lib/ucr2\libc.a(lib_a-stdio.o)
                                 0x38 (size before relaxing)
                0x8001b41c                __swrite
 .text.__sread  0x8001b44c       0x20 c:/program files (x86)/atmel/atmel toolchain/avr32 gcc/native/3.4.1067/avr32-gnu-toolchain/bin/../lib/gcc/avr32/4.4.7/../../../../avr32/lib/ucr2\libc.a(lib_a-stdio.o)
                                 0x24 (size before relaxing)
                0x8001b44c                __sread
 .text._strtod_r
                0x8001b46c      0xc64 c:/program files (x86)/atmel/atmel toolchain/avr32 gcc/native/3.4.1067/avr32-gnu-toolchain/bin/../lib/gcc/avr32/4.4.7/../../../../avr32/lib/ucr2\libc.a(lib_a-strtod.o)
                                0xcf0 (size before relaxing)
                0x8001b46c                _strtod_r
 .text._strtol_r
                0x8001c0d0      0x134 c:/program files (x86)/atmel/atmel toolchain/avr32 gcc/native/3.4.1067/avr32-gnu-toolchain/bin/../lib/gcc/avr32/4.4.7/../../../../avr32/lib/ucr2\libc.a(lib_a-strtol.o)
                                0x138 (size before relaxing)
                0x8001c0d0                _strtol_r
 .text._strtoll_r
                0x8001c204      0x19c c:/program files (x86)/atmel/atmel toolchain/avr32 gcc/native/3.4.1067/avr32-gnu-toolchain/bin/../lib/gcc/avr32/4.4.7/../../../../avr32/lib/ucr2\libc.a(lib_a-strtoll_r.o)
                                0x1a8 (size before relaxing)
                0x8001c204                _strtoll_r
 .text._strtoul_r
                0x8001c3a0      0x110 c:/program files (x86)/atmel/atmel toolchain/avr32 gcc/native/3.4.1067/avr32-gnu-toolchain/bin/../lib/gcc/avr32/4.4.7/../../../../avr32/lib/ucr2\libc.a(lib_a-strtoul.o)
                                0x114 (size before relaxing)
                0x8001c3a0                _strtoul_r
 .text._strtoull_r
                0x8001c4b0      0x178 c:/program files (x86)/atmel/atmel toolchain/avr32 gcc/native/3.4.1067/avr32-gnu-toolchain/bin/../lib/gcc/avr32/4.4.7/../../../../avr32/lib/ucr2\libc.a(lib_a-strtoull_r.o)
                                0x184 (size before relaxing)
                0x8001c4b0                _strtoull_r
 .text.__submore
                0x8001c628       0x64 c:/program files (x86)/atmel/atmel toolchain/avr32 gcc/native/3.4.1067/avr32-gnu-toolchain/bin/../lib/gcc/avr32/4.4.7/../../../../avr32/lib/ucr2\libc.a(lib_a-ungetc.o)
                                 0x70 (size before relaxing)
                0x8001c628                __submore
 .text._ungetc_r
                0x8001c68c       0xdc c:/program files (x86)/atmel/atmel toolchain/avr32 gcc/native/3.4.1067/avr32-gnu-toolchain/bin/../lib/gcc/avr32/4.4.7/../../../../avr32/lib/ucr2\libc.a(lib_a-ungetc.o)
                                 0xf0 (size before relaxing)
                0x8001c68c                _ungetc_r
 .text._write_r
                0x8001c768       0x28 c:/program files (x86)/atmel/atmel toolchain/avr32 gcc/native/3.4.1067/avr32-gnu-toolchain/bin/../lib/gcc/avr32/4.4.7/../../../../avr32/lib/ucr2\libc.a(lib_a-writer.o)
                                 0x2c (size before relaxing)
                0x8001c768                _write_r
 .text._calloc_r
                0x8001c790       0x58 c:/program files (x86)/atmel/atmel toolchain/avr32 gcc/native/3.4.1067/avr32-gnu-toolchain/bin/../lib/gcc/avr32/4.4.7/../../../../avr32/lib/ucr2\libc.a(lib_a-callocr.o)
                                 0x60 (size before relaxing)
                0x8001c790                _calloc_r
 .text._close_r
                0x8001c7e8       0x20 c:/program files (x86)/atmel/atmel toolchain/avr32 gcc/native/3.4.1067/avr32-gnu-toolchain/bin/../lib/gcc/avr32/4.4.7/../../../../avr32/lib/ucr2\libc.a(lib_a-closer.o)
                                 0x28 (size before relaxing)
                0x8001c7e8                _close_r
 .text._fclose_r
                0x8001c808       0xb8 c:/program files (x86)/atmel/atmel toolchain/avr32 gcc/native/3.4.1067/avr32-gnu-toolchain/bin/../lib/gcc/avr32/4.4.7/../../../../avr32/lib/ucr2\libc.a(lib_a-fclose.o)
                                 0xd0 (size before relaxing)
                0x8001c808                _fclose_r
 .text.fclose   0x8001c8c0       0x10 c:/program files (x86)/atmel/atmel toolchain/avr32 gcc/native/3.4.1067/avr32-gnu-toolchain/bin/../lib/gcc/avr32/4.4.7/../../../../avr32/lib/ucr2\libc.a(lib_a-fclose.o)
                                 0x18 (size before relaxing)
                0x8001c8c0                fclose
 .text._fstat_r
                0x8001c8d0       0x24 c:/program files (x86)/atmel/atmel toolchain/avr32 gcc/native/3.4.1067/avr32-gnu-toolchain/bin/../lib/gcc/avr32/4.4.7/../../../../avr32/lib/ucr2\libc.a(lib_a-fstatr.o)
                                 0x2c (size before relaxing)
                0x8001c8d0                _fstat_r
 .text.__hexdig_init
                0x8001c8f4       0x5c c:/program files (x86)/atmel/atmel toolchain/avr32 gcc/native/3.4.1067/avr32-gnu-toolchain/bin/../lib/gcc/avr32/4.4.7/../../../../avr32/lib/ucr2\libc.a(lib_a-gdtoa-gethex.o)
                                 0x60 (size before relaxing)
                0x8001c8f4                __hexdig_init
 .text.rshift   0x8001c950       0x6a c:/program files (x86)/atmel/atmel toolchain/avr32 gcc/native/3.4.1067/avr32-gnu-toolchain/bin/../lib/gcc/avr32/4.4.7/../../../../avr32/lib/ucr2\libc.a(lib_a-gdtoa-gethex.o)
 *fill*         0x8001c9ba        0x2 d703d703
 .text.__gethex
                0x8001c9bc      0x428 c:/program files (x86)/atmel/atmel toolchain/avr32 gcc/native/3.4.1067/avr32-gnu-toolchain/bin/../lib/gcc/avr32/4.4.7/../../../../avr32/lib/ucr2\libc.a(lib_a-gdtoa-gethex.o)
                                0x458 (size before relaxing)
                0x8001c9bc                __gethex
 .text.__hexnan